Archive member included to satisfy reference by file (symbol)

c:/st/stm32cubeide_1.5.1/stm32cubeide/plugins/com.st.stm32cube.ide.mcu.externaltools.gnu-tools-for-stm32.9-2020-q2-update.win32_2.0.0.202105311346/tools/bin/../lib/gcc/arm-none-eabi/9.3.1/../../../../arm-none-eabi/lib/thumb/v7e-m+fp/hard\libc_nano.a(lib_a-errno.o)
                              ./Src/syscalls.o (__errno)
c:/st/stm32cubeide_1.5.1/stm32cubeide/plugins/com.st.stm32cube.ide.mcu.externaltools.gnu-tools-for-stm32.9-2020-q2-update.win32_2.0.0.202105311346/tools/bin/../lib/gcc/arm-none-eabi/9.3.1/../../../../arm-none-eabi/lib/thumb/v7e-m+fp/hard\libc_nano.a(lib_a-exit.o)
                              c:/st/stm32cubeide_1.5.1/stm32cubeide/plugins/com.st.stm32cube.ide.mcu.externaltools.gnu-tools-for-stm32.9-2020-q2-update.win32_2.0.0.202105311346/tools/bin/../lib/gcc/arm-none-eabi/9.3.1/../../../../arm-none-eabi/lib/thumb/v7e-m+fp/hard/crt0.o (exit)
c:/st/stm32cubeide_1.5.1/stm32cubeide/plugins/com.st.stm32cube.ide.mcu.externaltools.gnu-tools-for-stm32.9-2020-q2-update.win32_2.0.0.202105311346/tools/bin/../lib/gcc/arm-none-eabi/9.3.1/../../../../arm-none-eabi/lib/thumb/v7e-m+fp/hard\libc_nano.a(lib_a-impure.o)
                              c:/st/stm32cubeide_1.5.1/stm32cubeide/plugins/com.st.stm32cube.ide.mcu.externaltools.gnu-tools-for-stm32.9-2020-q2-update.win32_2.0.0.202105311346/tools/bin/../lib/gcc/arm-none-eabi/9.3.1/../../../../arm-none-eabi/lib/thumb/v7e-m+fp/hard\libc_nano.a(lib_a-exit.o) (_global_impure_ptr)
c:/st/stm32cubeide_1.5.1/stm32cubeide/plugins/com.st.stm32cube.ide.mcu.externaltools.gnu-tools-for-stm32.9-2020-q2-update.win32_2.0.0.202105311346/tools/bin/../lib/gcc/arm-none-eabi/9.3.1/../../../../arm-none-eabi/lib/thumb/v7e-m+fp/hard\libc_nano.a(lib_a-init.o)
                              c:/st/stm32cubeide_1.5.1/stm32cubeide/plugins/com.st.stm32cube.ide.mcu.externaltools.gnu-tools-for-stm32.9-2020-q2-update.win32_2.0.0.202105311346/tools/bin/../lib/gcc/arm-none-eabi/9.3.1/../../../../arm-none-eabi/lib/thumb/v7e-m+fp/hard/crt0.o (__libc_init_array)
c:/st/stm32cubeide_1.5.1/stm32cubeide/plugins/com.st.stm32cube.ide.mcu.externaltools.gnu-tools-for-stm32.9-2020-q2-update.win32_2.0.0.202105311346/tools/bin/../lib/gcc/arm-none-eabi/9.3.1/../../../../arm-none-eabi/lib/thumb/v7e-m+fp/hard\libc_nano.a(lib_a-memset.o)
                              c:/st/stm32cubeide_1.5.1/stm32cubeide/plugins/com.st.stm32cube.ide.mcu.externaltools.gnu-tools-for-stm32.9-2020-q2-update.win32_2.0.0.202105311346/tools/bin/../lib/gcc/arm-none-eabi/9.3.1/../../../../arm-none-eabi/lib/thumb/v7e-m+fp/hard/crt0.o (memset)

Allocating common symbols
Common symbol       size              file

uwTick              0x4               ./Drivers/STM32G4xx_HAL_Driver/stm32g4xx_hal.o
button_state_debounce
                    0x1               ./Src/main.o
htim16              0x4c              ./Src/main.o

Discarded input sections

 .text          0x0000000000000000        0x0 c:/st/stm32cubeide_1.5.1/stm32cubeide/plugins/com.st.stm32cube.ide.mcu.externaltools.gnu-tools-for-stm32.9-2020-q2-update.win32_2.0.0.202105311346/tools/bin/../lib/gcc/arm-none-eabi/9.3.1/thumb/v7e-m+fp/hard/crti.o
 .data          0x0000000000000000        0x0 c:/st/stm32cubeide_1.5.1/stm32cubeide/plugins/com.st.stm32cube.ide.mcu.externaltools.gnu-tools-for-stm32.9-2020-q2-update.win32_2.0.0.202105311346/tools/bin/../lib/gcc/arm-none-eabi/9.3.1/thumb/v7e-m+fp/hard/crti.o
 .bss           0x0000000000000000        0x0 c:/st/stm32cubeide_1.5.1/stm32cubeide/plugins/com.st.stm32cube.ide.mcu.externaltools.gnu-tools-for-stm32.9-2020-q2-update.win32_2.0.0.202105311346/tools/bin/../lib/gcc/arm-none-eabi/9.3.1/thumb/v7e-m+fp/hard/crti.o
 .data          0x0000000000000000        0x4 c:/st/stm32cubeide_1.5.1/stm32cubeide/plugins/com.st.stm32cube.ide.mcu.externaltools.gnu-tools-for-stm32.9-2020-q2-update.win32_2.0.0.202105311346/tools/bin/../lib/gcc/arm-none-eabi/9.3.1/thumb/v7e-m+fp/hard/crtbegin.o
 .text          0x0000000000000000       0x7c c:/st/stm32cubeide_1.5.1/stm32cubeide/plugins/com.st.stm32cube.ide.mcu.externaltools.gnu-tools-for-stm32.9-2020-q2-update.win32_2.0.0.202105311346/tools/bin/../lib/gcc/arm-none-eabi/9.3.1/../../../../arm-none-eabi/lib/thumb/v7e-m+fp/hard/crt0.o
 .data          0x0000000000000000        0x0 c:/st/stm32cubeide_1.5.1/stm32cubeide/plugins/com.st.stm32cube.ide.mcu.externaltools.gnu-tools-for-stm32.9-2020-q2-update.win32_2.0.0.202105311346/tools/bin/../lib/gcc/arm-none-eabi/9.3.1/../../../../arm-none-eabi/lib/thumb/v7e-m+fp/hard/crt0.o
 .bss           0x0000000000000000        0x0 c:/st/stm32cubeide_1.5.1/stm32cubeide/plugins/com.st.stm32cube.ide.mcu.externaltools.gnu-tools-for-stm32.9-2020-q2-update.win32_2.0.0.202105311346/tools/bin/../lib/gcc/arm-none-eabi/9.3.1/../../../../arm-none-eabi/lib/thumb/v7e-m+fp/hard/crt0.o
[...]
Memory Configuration

Name             Origin             Length             Attributes
RAM              0x0000000020000000 0x0000000000008000 xrw
FLASH            0x0000000008000000 0x0000000000020000 xr
*default*        0x0000000000000000 0xffffffffffffffff

Linker script and memory map

LOAD c:/st/stm32cubeide_1.5.1/stm32cubeide/plugins/com.st.stm32cube.ide.mcu.externaltools.gnu-tools-for-stm32.9-2020-q2-update.win32_2.0.0.202105311346/tools/bin/../lib/gcc/arm-none-eabi/9.3.1/thumb/v7e-m+fp/hard/crti.o
LOAD c:/st/stm32cubeide_1.5.1/stm32cubeide/plugins/com.st.stm32cube.ide.mcu.externaltools.gnu-tools-for-stm32.9-2020-q2-update.win32_2.0.0.202105311346/tools/bin/../lib/gcc/arm-none-eabi/9.3.1/thumb/v7e-m+fp/hard/crtbegin.o
LOAD c:/st/stm32cubeide_1.5.1/stm32cubeide/plugins/com.st.stm32cube.ide.mcu.externaltools.gnu-tools-for-stm32.9-2020-q2-update.win32_2.0.0.202105311346/tools/bin/../lib/gcc/arm-none-eabi/9.3.1/../../../../arm-none-eabi/lib/thumb/v7e-m+fp/hard/crt0.o
LOAD ./Drivers/STM32G4xx_HAL_Driver/stm32g4xx_hal.o
LOAD ./Drivers/STM32G4xx_HAL_Driver/stm32g4xx_hal_cortex.o
LOAD ./Drivers/STM32G4xx_HAL_Driver/stm32g4xx_hal_dma.o
LOAD ./Drivers/STM32G4xx_HAL_Driver/stm32g4xx_hal_dma_ex.o
LOAD ./Drivers/STM32G4xx_HAL_Driver/stm32g4xx_hal_exti.o
LOAD ./Drivers/STM32G4xx_HAL_Driver/stm32g4xx_hal_flash.o
LOAD ./Drivers/STM32G4xx_HAL_Driver/stm32g4xx_hal_flash_ex.o
LOAD ./Drivers/STM32G4xx_HAL_Driver/stm32g4xx_hal_flash_ramfunc.o
LOAD ./Drivers/STM32G4xx_HAL_Driver/stm32g4xx_hal_gpio.o
LOAD ./Drivers/STM32G4xx_HAL_Driver/stm32g4xx_hal_pwr.o
LOAD ./Drivers/STM32G4xx_HAL_Driver/stm32g4xx_hal_pwr_ex.o
LOAD ./Drivers/STM32G4xx_HAL_Driver/stm32g4xx_hal_rcc.o
LOAD ./Drivers/STM32G4xx_HAL_Driver/stm32g4xx_hal_rcc_ex.o
LOAD ./Drivers/STM32G4xx_HAL_Driver/stm32g4xx_hal_tim.o
LOAD ./Drivers/STM32G4xx_HAL_Driver/stm32g4xx_hal_tim_ex.o
LOAD ./Src/main.o
LOAD ./Src/stm32g4xx_hal_msp.o
LOAD ./Src/stm32g4xx_it.o
LOAD ./Src/syscalls.o
LOAD ./Src/system_stm32g4xx.o
LOAD ./Src/user_main.o
LOAD ./startup/startup_stm32g431xx.o
START GROUP
LOAD c:/st/stm32cubeide_1.5.1/stm32cubeide/plugins/com.st.stm32cube.ide.mcu.externaltools.gnu-tools-for-stm32.9-2020-q2-update.win32_2.0.0.202105311346/tools/bin/../lib/gcc/arm-none-eabi/9.3.1/../../../../arm-none-eabi/lib/thumb/v7e-m+fp/hard\libc_nano.a
LOAD c:/st/stm32cubeide_1.5.1/stm32cubeide/plugins/com.st.stm32cube.ide.mcu.externaltools.gnu-tools-for-stm32.9-2020-q2-update.win32_2.0.0.202105311346/tools/bin/../lib/gcc/arm-none-eabi/9.3.1/../../../../arm-none-eabi/lib/thumb/v7e-m+fp/hard\libm.a
END GROUP
START GROUP
LOAD c:/st/stm32cubeide_1.5.1/stm32cubeide/plugins/com.st.stm32cube.ide.mcu.externaltools.gnu-tools-for-stm32.9-2020-q2-update.win32_2.0.0.202105311346/tools/bin/../lib/gcc/arm-none-eabi/9.3.1/thumb/v7e-m+fp/hard\libgcc.a
LOAD c:/st/stm32cubeide_1.5.1/stm32cubeide/plugins/com.st.stm32cube.ide.mcu.externaltools.gnu-tools-for-stm32.9-2020-q2-update.win32_2.0.0.202105311346/tools/bin/../lib/gcc/arm-none-eabi/9.3.1/../../../../arm-none-eabi/lib/thumb/v7e-m+fp/hard\libc_nano.a
END GROUP
START GROUP
LOAD c:/st/stm32cubeide_1.5.1/stm32cubeide/plugins/com.st.stm32cube.ide.mcu.externaltools.gnu-tools-for-stm32.9-2020-q2-update.win32_2.0.0.202105311346/tools/bin/../lib/gcc/arm-none-eabi/9.3.1/thumb/v7e-m+fp/hard\libgcc.a
LOAD c:/st/stm32cubeide_1.5.1/stm32cubeide/plugins/com.st.stm32cube.ide.mcu.externaltools.gnu-tools-for-stm32.9-2020-q2-update.win32_2.0.0.202105311346/tools/bin/../lib/gcc/arm-none-eabi/9.3.1/../../../../arm-none-eabi/lib/thumb/v7e-m+fp/hard\libc_nano.a
LOAD c:/st/stm32cubeide_1.5.1/stm32cubeide/plugins/com.st.stm32cube.ide.mcu.externaltools.gnu-tools-for-stm32.9-2020-q2-update.win32_2.0.0.202105311346/tools/bin/../lib/gcc/arm-none-eabi/9.3.1/../../../../arm-none-eabi/lib/thumb/v7e-m+fp/hard\libnosys.a
END GROUP
START GROUP
LOAD c:/st/stm32cubeide_1.5.1/stm32cubeide/plugins/com.st.stm32cube.ide.mcu.externaltools.gnu-tools-for-stm32.9-2020-q2-update.win32_2.0.0.202105311346/tools/bin/../lib/gcc/arm-none-eabi/9.3.1/thumb/v7e-m+fp/hard\libgcc.a
LOAD c:/st/stm32cubeide_1.5.1/stm32cubeide/plugins/com.st.stm32cube.ide.mcu.externaltools.gnu-tools-for-stm32.9-2020-q2-update.win32_2.0.0.202105311346/tools/bin/../lib/gcc/arm-none-eabi/9.3.1/../../../../arm-none-eabi/lib/thumb/v7e-m+fp/hard\libc_nano.a
LOAD c:/st/stm32cubeide_1.5.1/stm32cubeide/plugins/com.st.stm32cube.ide.mcu.externaltools.gnu-tools-for-stm32.9-2020-q2-update.win32_2.0.0.202105311346/tools/bin/../lib/gcc/arm-none-eabi/9.3.1/../../../../arm-none-eabi/lib/thumb/v7e-m+fp/hard\libnosys.a
END GROUP
LOAD c:/st/stm32cubeide_1.5.1/stm32cubeide/plugins/com.st.stm32cube.ide.mcu.externaltools.gnu-tools-for-stm32.9-2020-q2-update.win32_2.0.0.202105311346/tools/bin/../lib/gcc/arm-none-eabi/9.3.1/thumb/v7e-m+fp/hard/crtend.o
LOAD c:/st/stm32cubeide_1.5.1/stm32cubeide/plugins/com.st.stm32cube.ide.mcu.externaltools.gnu-tools-for-stm32.9-2020-q2-update.win32_2.0.0.202105311346/tools/bin/../lib/gcc/arm-none-eabi/9.3.1/thumb/v7e-m+fp/hard/crtn.o
                0x0000000020008000                _estack = 0x20008000
                0x0000000000000400                _Min_Heap_Size = 0x400
                0x0000000000000800                _Min_Stack_Size = 0x800

.isr_vector     0x0000000008000000      0x1d8
                0x0000000008000000                . = ALIGN (0x4)
 *(.isr_vector)
 .isr_vector    0x0000000008000000      0x1d8 ./startup/startup_stm32g431xx.o
                0x0000000008000000                g_pfnVectors
                0x00000000080001d8                . = ALIGN (0x4)

.text           0x00000000080001d8     0x1360
                0x00000000080001d8                . = ALIGN (0x4)
 *(.text)
 .text          0x00000000080001d8       0x40 c:/st/stm32cubeide_1.5.1/stm32cubeide/plugins/com.st.stm32cube.ide.mcu.externaltools.gnu-tools-for-stm32.9-2020-q2-update.win32_2.0.0.202105311346/tools/bin/../lib/gcc/arm-none-eabi/9.3.1/thumb/v7e-m+fp/hard/crtbegin.o
 *(.text*)
 .text.HAL_InitTick
                0x0000000008000218       0x4c ./Drivers/STM32G4xx_HAL_Driver/stm32g4xx_hal.o
                0x0000000008000218                HAL_InitTick
 .text.HAL_Init
                0x0000000008000264       0x1e ./Drivers/STM32G4xx_HAL_Driver/stm32g4xx_hal.o
                0x0000000008000264                HAL_Init
 *fill*         0x0000000008000282        0x2 
 .text.HAL_IncTick
                0x0000000008000284       0x18 ./Drivers/STM32G4xx_HAL_Driver/stm32g4xx_hal.o
                0x0000000008000284                HAL_IncTick
 .text.HAL_GetTick
                0x000000000800029c        0xc ./Drivers/STM32G4xx_HAL_Driver/stm32g4xx_hal.o
                0x000000000800029c                HAL_GetTick
 .text.HAL_NVIC_SetPriorityGrouping
                0x00000000080002a8       0x24 ./Drivers/STM32G4xx_HAL_Driver/stm32g4xx_hal_cortex.o
                0x00000000080002a8                HAL_NVIC_SetPriorityGrouping
 .text.HAL_NVIC_SetPriority
                0x00000000080002cc       0x68 ./Drivers/STM32G4xx_HAL_Driver/stm32g4xx_hal_cortex.o
                0x00000000080002cc                HAL_NVIC_SetPriority
 .text.HAL_NVIC_EnableIRQ
                0x0000000008000334       0x1c ./Drivers/STM32G4xx_HAL_Driver/stm32g4xx_hal_cortex.o
                0x0000000008000334                HAL_NVIC_EnableIRQ
 .text.HAL_SYSTICK_Config
                0x0000000008000350       0x2c ./Drivers/STM32G4xx_HAL_Driver/stm32g4xx_hal_cortex.o
                0x0000000008000350                HAL_SYSTICK_Config
 .text.HAL_GPIO_Init
                0x000000000800037c      0x1a4 ./Drivers/STM32G4xx_HAL_Driver/stm32g4xx_hal_gpio.o
                0x000000000800037c                HAL_GPIO_Init
 .text.HAL_GPIO_ReadPin
                0x0000000008000520        0xe ./Drivers/STM32G4xx_HAL_Driver/stm32g4xx_hal_gpio.o
                0x0000000008000520                HAL_GPIO_ReadPin
 .text.HAL_GPIO_WritePin
                0x000000000800052e        0xa ./Drivers/STM32G4xx_HAL_Driver/stm32g4xx_hal_gpio.o
                0x000000000800052e                HAL_GPIO_WritePin
 .text.HAL_PWREx_ControlVoltageScaling
                0x0000000008000538      0x10c ./Drivers/STM32G4xx_HAL_Driver/stm32g4xx_hal_pwr_ex.o
                0x0000000008000538                HAL_PWREx_ControlVoltageScaling
 .text.HAL_PWREx_DisableUCPDDeadBattery
                0x0000000008000644       0x10 ./Drivers/STM32G4xx_HAL_Driver/stm32g4xx_hal_pwr_ex.o
                0x0000000008000644                HAL_PWREx_DisableUCPDDeadBattery
 .text.RCC_GetSysClockFreqFromPLLSource
                0x0000000008000654       0x58 ./Drivers/STM32G4xx_HAL_Driver/stm32g4xx_hal_rcc.o
 .text.HAL_RCC_OscConfig
                0x00000000080006ac      0x4e8 ./Drivers/STM32G4xx_HAL_Driver/stm32g4xx_hal_rcc.o
                0x00000000080006ac                HAL_RCC_OscConfig
 .text.HAL_RCC_GetSysClockFreq
                0x0000000008000b94       0x88 ./Drivers/STM32G4xx_HAL_Driver/stm32g4xx_hal_rcc.o
                0x0000000008000b94                HAL_RCC_GetSysClockFreq
 .text.HAL_RCC_ClockConfig
                0x0000000008000c1c      0x1f8 ./Drivers/STM32G4xx_HAL_Driver/stm32g4xx_hal_rcc.o
                0x0000000008000c1c                HAL_RCC_ClockConfig
 .text.HAL_TIM_Base_Start_IT
                0x0000000008000e14       0x84 ./Drivers/STM32G4xx_HAL_Driver/stm32g4xx_hal_tim.o
                0x0000000008000e14                HAL_TIM_Base_Start_IT
 .text.HAL_TIM_OC_DelayElapsedCallback
                0x0000000008000e98        0x2 ./Drivers/STM32G4xx_HAL_Driver/stm32g4xx_hal_tim.o
                0x0000000008000e98                HAL_TIM_OC_DelayElapsedCallback
 .text.HAL_TIM_IC_CaptureCallback
                0x0000000008000e9a        0x2 ./Drivers/STM32G4xx_HAL_Driver/stm32g4xx_hal_tim.o
                0x0000000008000e9a                HAL_TIM_IC_CaptureCallback
 .text.HAL_TIM_PWM_PulseFinishedCallback
                0x0000000008000e9c        0x2 ./Drivers/STM32G4xx_HAL_Driver/stm32g4xx_hal_tim.o
                0x0000000008000e9c                HAL_TIM_PWM_PulseFinishedCallback
 .text.HAL_TIM_TriggerCallback
                0x0000000008000e9e        0x2 ./Drivers/STM32G4xx_HAL_Driver/stm32g4xx_hal_tim.o
                0x0000000008000e9e                HAL_TIM_TriggerCallback
 .text.HAL_TIM_IRQHandler
                0x0000000008000ea0      0x21e ./Drivers/STM32G4xx_HAL_Driver/stm32g4xx_hal_tim.o
                0x0000000008000ea0                HAL_TIM_IRQHandler
 *fill*         0x00000000080010be        0x2 
 .text.TIM_Base_SetConfig
                0x00000000080010c0       0xb8 ./Drivers/STM32G4xx_HAL_Driver/stm32g4xx_hal_tim.o
                0x00000000080010c0                TIM_Base_SetConfig
 .text.HAL_TIM_Base_Init
                0x0000000008001178       0x60 ./Drivers/STM32G4xx_HAL_Driver/stm32g4xx_hal_tim.o
                0x0000000008001178                HAL_TIM_Base_Init
 .text.HAL_TIMEx_CommutCallback
                0x00000000080011d8        0x2 ./Drivers/STM32G4xx_HAL_Driver/stm32g4xx_hal_tim_ex.o
                0x00000000080011d8                HAL_TIMEx_CommutCallback
 .text.HAL_TIMEx_BreakCallback
                0x00000000080011da        0x2 ./Drivers/STM32G4xx_HAL_Driver/stm32g4xx_hal_tim_ex.o
                0x00000000080011da                HAL_TIMEx_BreakCallback
 .text.HAL_TIMEx_Break2Callback
                0x00000000080011dc        0x2 ./Drivers/STM32G4xx_HAL_Driver/stm32g4xx_hal_tim_ex.o
                0x00000000080011dc                HAL_TIMEx_Break2Callback
 .text.HAL_TIMEx_EncoderIndexCallback
                0x00000000080011de        0x2 ./Drivers/STM32G4xx_HAL_Driver/stm32g4xx_hal_tim_ex.o
                0x00000000080011de                HAL_TIMEx_EncoderIndexCallback
 .text.HAL_TIMEx_DirectionChangeCallback
                0x00000000080011e0        0x2 ./Drivers/STM32G4xx_HAL_Driver/stm32g4xx_hal_tim_ex.o
                0x00000000080011e0                HAL_TIMEx_DirectionChangeCallback
 .text.HAL_TIMEx_IndexErrorCallback
                0x00000000080011e2        0x2 ./Drivers/STM32G4xx_HAL_Driver/stm32g4xx_hal_tim_ex.o
                0x00000000080011e2                HAL_TIMEx_IndexErrorCallback
 .text.HAL_TIMEx_TransitionErrorCallback
                0x00000000080011e4        0x2 ./Drivers/STM32G4xx_HAL_Driver/stm32g4xx_hal_tim_ex.o
                0x00000000080011e4                HAL_TIMEx_TransitionErrorCallback
 *fill*         0x00000000080011e6        0x2 
 .text.MX_GPIO_Init
                0x00000000080011e8       0x78 ./Src/main.o
 .text.HAL_TIM_PeriodElapsedCallback
                0x0000000008001260       0x60 ./Src/main.o
                0x0000000008001260                HAL_TIM_PeriodElapsedCallback
 .text.Error_Handler
                0x00000000080012c0        0x4 ./Src/main.o
                0x00000000080012c0                Error_Handler
 .text.MX_TIM16_Init
                0x00000000080012c4       0x34 ./Src/main.o
 .text.SystemClock_Config
                0x00000000080012f8       0x70 ./Src/main.o
                0x00000000080012f8                SystemClock_Config
 .text.main     0x0000000008001368       0x24 ./Src/main.o
                0x0000000008001368                main
 .text.HAL_MspInit
                0x000000000800138c       0x38 ./Src/stm32g4xx_hal_msp.o
                0x000000000800138c                HAL_MspInit
 .text.HAL_TIM_Base_MspInit
                0x00000000080013c4       0x40 ./Src/stm32g4xx_hal_msp.o
                0x00000000080013c4                HAL_TIM_Base_MspInit
 .text.NMI_Handler
                0x0000000008001404        0x2 ./Src/stm32g4xx_it.o
                0x0000000008001404                NMI_Handler
 .text.HardFault_Handler
                0x0000000008001406        0x2 ./Src/stm32g4xx_it.o
                0x0000000008001406                HardFault_Handler
 .text.MemManage_Handler
                0x0000000008001408        0x2 ./Src/stm32g4xx_it.o
                0x0000000008001408                MemManage_Handler
 .text.SVC_Handler
                0x000000000800140a        0x2 ./Src/stm32g4xx_it.o
                0x000000000800140a                SVC_Handler
 .text.DebugMon_Handler
                0x000000000800140c        0x2 ./Src/stm32g4xx_it.o
                0x000000000800140c                DebugMon_Handler
 .text.PendSV_Handler
                0x000000000800140e        0x2 ./Src/stm32g4xx_it.o
                0x000000000800140e                PendSV_Handler
 .text.SysTick_Handler
                0x0000000008001410        0x8 ./Src/stm32g4xx_it.o
                0x0000000008001410                SysTick_Handler
 .text.TIM1_UP_TIM16_IRQHandler
                0x0000000008001418       0x10 ./Src/stm32g4xx_it.o
                0x0000000008001418                TIM1_UP_TIM16_IRQHandler
 .text.SystemInit
                0x0000000008001428       0x1c ./Src/system_stm32g4xx.o
                0x0000000008001428                SystemInit
 .text.user_main
                0x0000000008001444       0x30 ./Src/user_main.o
                0x0000000008001444                user_main
 .text.Reset_Handler
                0x0000000008001474       0x50 ./startup/startup_stm32g431xx.o
                0x0000000008001474                Reset_Handler
 .text.Default_Handler
                0x00000000080014c4        0x2 ./startup/startup_stm32g431xx.o
                0x00000000080014c4                RTC_Alarm_IRQHandler
                0x00000000080014c4                EXTI2_IRQHandler
                0x00000000080014c4                TIM8_TRG_COM_IRQHandler
                0x00000000080014c4                TIM8_CC_IRQHandler
                0x00000000080014c4                TIM1_CC_IRQHandler
                0x00000000080014c4                USB_HP_IRQHandler
                0x00000000080014c4                CORDIC_IRQHandler
                0x00000000080014c4                EXTI3_IRQHandler
                0x00000000080014c4                I2C3_ER_IRQHandler
                0x00000000080014c4                EXTI0_IRQHandler
                0x00000000080014c4                I2C2_EV_IRQHandler
                0x00000000080014c4                FPU_IRQHandler
                0x00000000080014c4                FDCAN1_IT1_IRQHandler
                0x00000000080014c4                UsageFault_Handler
                0x00000000080014c4                ADC1_2_IRQHandler
                0x00000000080014c4                SPI1_IRQHandler
                0x00000000080014c4                TIM6_DAC_IRQHandler
                0x00000000080014c4                TIM8_UP_IRQHandler
                0x00000000080014c4                DMA2_Channel2_IRQHandler
                0x00000000080014c4                DMA1_Channel4_IRQHandler
                0x00000000080014c4                USART3_IRQHandler
                0x00000000080014c4                TIM4_IRQHandler
                0x00000000080014c4                DMA2_Channel1_IRQHandler
                0x00000000080014c4                I2C1_EV_IRQHandler
                0x00000000080014c4                DMA1_Channel6_IRQHandler
                0x00000000080014c4                UART4_IRQHandler
                0x00000000080014c4                DMA2_Channel4_IRQHandler
                0x00000000080014c4                TIM3_IRQHandler
                0x00000000080014c4                RCC_IRQHandler
                0x00000000080014c4                DMA1_Channel1_IRQHandler
                0x00000000080014c4                Default_Handler
                0x00000000080014c4                RTC_TAMP_LSECSS_IRQHandler
                0x00000000080014c4                FMAC_IRQHandler
                0x00000000080014c4                EXTI15_10_IRQHandler
                0x00000000080014c4                TIM7_IRQHandler
                0x00000000080014c4                UCPD1_IRQHandler
                0x00000000080014c4                I2C3_EV_IRQHandler
                0x00000000080014c4                EXTI9_5_IRQHandler
                0x00000000080014c4                RTC_WKUP_IRQHandler
                0x00000000080014c4                PVD_PVM_IRQHandler
                0x00000000080014c4                SPI2_IRQHandler
                0x00000000080014c4                DMA2_Channel5_IRQHandler
                0x00000000080014c4                CRS_IRQHandler
                0x00000000080014c4                DMA1_Channel5_IRQHandler
                0x00000000080014c4                USB_LP_IRQHandler
                0x00000000080014c4                EXTI4_IRQHandler
                0x00000000080014c4                RNG_IRQHandler
                0x00000000080014c4                TIM1_TRG_COM_TIM17_IRQHandler
                0x00000000080014c4                DMA1_Channel3_IRQHandler
                0x00000000080014c4                WWDG_IRQHandler
                0x00000000080014c4                LPUART1_IRQHandler
                0x00000000080014c4                DMA2_Channel6_IRQHandler
                0x00000000080014c4                FDCAN1_IT0_IRQHandler
                0x00000000080014c4                TIM2_IRQHandler
                0x00000000080014c4                COMP1_2_3_IRQHandler
                0x00000000080014c4                EXTI1_IRQHandler
                0x00000000080014c4                USART2_IRQHandler
                0x00000000080014c4                I2C2_ER_IRQHandler
                0x00000000080014c4                DMA1_Channel2_IRQHandler
                0x00000000080014c4                TIM8_BRK_IRQHandler
                0x00000000080014c4                FLASH_IRQHandler
                0x00000000080014c4                BusFault_Handler
                0x00000000080014c4                USART1_IRQHandler
                0x00000000080014c4                SPI3_IRQHandler
                0x00000000080014c4                I2C1_ER_IRQHandler
                0x00000000080014c4                LPTIM1_IRQHandler
                0x00000000080014c4                DMAMUX_OVR_IRQHandler
                0x00000000080014c4                USBWakeUp_IRQHandler
                0x00000000080014c4                SAI1_IRQHandler
                0x00000000080014c4                DMA2_Channel3_IRQHandler
                0x00000000080014c4                COMP4_IRQHandler
                0x00000000080014c4                TIM1_BRK_TIM15_IRQHandler
 *fill*         0x00000000080014c6        0x2 
 .text.__libc_init_array
                0x00000000080014c8       0x48 c:/st/stm32cubeide_1.5.1/stm32cubeide/plugins/com.st.stm32cube.ide.mcu.externaltools.gnu-tools-for-stm32.9-2020-q2-update.win32_2.0.0.202105311346/tools/bin/../lib/gcc/arm-none-eabi/9.3.1/../../../../arm-none-eabi/lib/thumb/v7e-m+fp/hard\libc_nano.a(lib_a-init.o)
                0x00000000080014c8                __libc_init_array
 .text.memset   0x0000000008001510       0x10 c:/st/stm32cubeide_1.5.1/stm32cubeide/plugins/com.st.stm32cube.ide.mcu.externaltools.gnu-tools-for-stm32.9-2020-q2-update.win32_2.0.0.202105311346/tools/bin/../lib/gcc/arm-none-eabi/9.3.1/../../../../arm-none-eabi/lib/thumb/v7e-m+fp/hard\libc_nano.a(lib_a-memset.o)
                0x0000000008001510                memset
 *(.glue_7)
 .glue_7        0x0000000008001520        0x0 linker stubs
 *(.glue_7t)
 .glue_7t       0x0000000008001520        0x0 linker stubs
 *(.eh_frame)
 .eh_frame      0x0000000008001520        0x0 c:/st/stm32cubeide_1.5.1/stm32cubeide/plugins/com.st.stm32cube.ide.mcu.externaltools.gnu-tools-for-stm32.9-2020-q2-update.win32_2.0.0.202105311346/tools/bin/../lib/gcc/arm-none-eabi/9.3.1/thumb/v7e-m+fp/hard/crtbegin.o
 *(.init)
 .init          0x0000000008001520        0x4 c:/st/stm32cubeide_1.5.1/stm32cubeide/plugins/com.st.stm32cube.ide.mcu.externaltools.gnu-tools-for-stm32.9-2020-q2-update.win32_2.0.0.202105311346/tools/bin/../lib/gcc/arm-none-eabi/9.3.1/thumb/v7e-m+fp/hard/crti.o
                0x0000000008001520                _init
 .init          0x0000000008001524        0x8 c:/st/stm32cubeide_1.5.1/stm32cubeide/plugins/com.st.stm32cube.ide.mcu.externaltools.gnu-tools-for-stm32.9-2020-q2-update.win32_2.0.0.202105311346/tools/bin/../lib/gcc/arm-none-eabi/9.3.1/thumb/v7e-m+fp/hard/crtn.o
 *(.fini)
 .fini          0x000000000800152c        0x4 c:/st/stm32cubeide_1.5.1/stm32cubeide/plugins/com.st.stm32cube.ide.mcu.externaltools.gnu-tools-for-stm32.9-2020-q2-update.win32_2.0.0.202105311346/tools/bin/../lib/gcc/arm-none-eabi/9.3.1/thumb/v7e-m+fp/hard/crti.o
                0x000000000800152c                _fini
 .fini          0x0000000008001530        0x8 c:/st/stm32cubeide_1.5.1/stm32cubeide/plugins/com.st.stm32cube.ide.mcu.externaltools.gnu-tools-for-stm32.9-2020-q2-update.win32_2.0.0.202105311346/tools/bin/../lib/gcc/arm-none-eabi/9.3.1/thumb/v7e-m+fp/hard/crtn.o
                0x0000000008001538                . = ALIGN (0x4)
                0x0000000008001538                _etext = .

.vfp11_veneer   0x0000000008001538        0x0
 .vfp11_veneer  0x0000000008001538        0x0 linker stubs

.v4_bx          0x0000000008001538        0x0
 .v4_bx         0x0000000008001538        0x0 linker stubs

.iplt           0x0000000008001538        0x0
 .iplt          0x0000000008001538        0x0 c:/st/stm32cubeide_1.5.1/stm32cubeide/plugins/com.st.stm32cube.ide.mcu.externaltools.gnu-tools-for-stm32.9-2020-q2-update.win32_2.0.0.202105311346/tools/bin/../lib/gcc/arm-none-eabi/9.3.1/thumb/v7e-m+fp/hard/crtbegin.o

.rodata         0x0000000008001538       0x18
                0x0000000008001538                . = ALIGN (0x4)
 *(.rodata)
 .rodata        0x0000000008001538       0x18 ./Src/system_stm32g4xx.o
                0x0000000008001538                AHBPrescTable
                0x0000000008001548                APBPrescTable
 *(.rodata*)
                0x0000000008001550                . = ALIGN (0x4)

.rel.dyn        0x0000000008001550        0x0
 .rel.iplt      0x0000000008001550        0x0 c:/st/stm32cubeide_1.5.1/stm32cubeide/plugins/com.st.stm32cube.ide.mcu.externaltools.gnu-tools-for-stm32.9-2020-q2-update.win32_2.0.0.202105311346/tools/bin/../lib/gcc/arm-none-eabi/9.3.1/thumb/v7e-m+fp/hard/crtbegin.o

.ARM.extab
 *(.ARM.extab* .gnu.linkonce.armextab.*)

.ARM            0x0000000008001550        0x0
                0x0000000008001550                __exidx_start = .
 *(.ARM.exidx*)
                0x0000000008001550                __exidx_end = .

.preinit_array  0x0000000008001550        0x0
                0x0000000008001550                PROVIDE (__preinit_array_start = .)
 *(.preinit_array*)
                0x0000000008001550                PROVIDE (__preinit_array_end = .)

.init_array     0x0000000008001550        0x4
                0x0000000008001550                PROVIDE (__init_array_start = .)
 *(SORT_BY_NAME(.init_array.*))
 *(.init_array*)
 .init_array    0x0000000008001550        0x4 c:/st/stm32cubeide_1.5.1/stm32cubeide/plugins/com.st.stm32cube.ide.mcu.externaltools.gnu-tools-for-stm32.9-2020-q2-update.win32_2.0.0.202105311346/tools/bin/../lib/gcc/arm-none-eabi/9.3.1/thumb/v7e-m+fp/hard/crtbegin.o
                0x0000000008001554                PROVIDE (__init_array_end = .)

.fini_array     0x0000000008001554        0x4
                [!provide]                        PROVIDE (__fini_array_start = .)
 *(SORT_BY_NAME(.fini_array.*))
 *(.fini_array*)
 .fini_array    0x0000000008001554        0x4 c:/st/stm32cubeide_1.5.1/stm32cubeide/plugins/com.st.stm32cube.ide.mcu.externaltools.gnu-tools-for-stm32.9-2020-q2-update.win32_2.0.0.202105311346/tools/bin/../lib/gcc/arm-none-eabi/9.3.1/thumb/v7e-m+fp/hard/crtbegin.o
                [!provide]                        PROVIDE (__fini_array_end = .)
                0x0000000008001558                _sidata = LOADADDR (.data)

.data           0x0000000020000000        0xc load address 0x0000000008001558
                0x0000000020000000                . = ALIGN (0x4)
                0x0000000020000000                _sdata = .
 *(.data)
 .data          0x0000000020000000        0x8 ./Drivers/STM32G4xx_HAL_Driver/stm32g4xx_hal.o
                0x0000000020000000                uwTickFreq
                0x0000000020000004                uwTickPrio
 .data          0x0000000020000008        0x4 ./Src/system_stm32g4xx.o
                0x0000000020000008                SystemCoreClock
 *(.data*)
                0x000000002000000c                . = ALIGN (0x4)
                0x000000002000000c                _edata = .

.igot.plt       0x000000002000000c        0x0 load address 0x0000000008001564
 .igot.plt      0x000000002000000c        0x0 c:/st/stm32cubeide_1.5.1/stm32cubeide/plugins/com.st.stm32cube.ide.mcu.externaltools.gnu-tools-for-stm32.9-2020-q2-update.win32_2.0.0.202105311346/tools/bin/../lib/gcc/arm-none-eabi/9.3.1/thumb/v7e-m+fp/hard/crtbegin.o
                0x000000002000000c                . = ALIGN (0x4)

.bss            0x000000002000000c       0x74 load address 0x0000000008001564
                0x000000002000000c                _sbss = .
                0x000000002000000c                __bss_start__ = _sbss
 *(.bss)
 .bss           0x000000002000000c       0x1c c:/st/stm32cubeide_1.5.1/stm32cubeide/plugins/com.st.stm32cube.ide.mcu.externaltools.gnu-tools-for-stm32.9-2020-q2-update.win32_2.0.0.202105311346/tools/bin/../lib/gcc/arm-none-eabi/9.3.1/thumb/v7e-m+fp/hard/crtbegin.o
 .bss           0x0000000020000028        0x2 ./Src/main.o
 *(.bss*)
 *(COMMON)
 *fill*         0x000000002000002a        0x2 
 COMMON         0x000000002000002c        0x4 ./Drivers/STM32G4xx_HAL_Driver/stm32g4xx_hal.o
                0x000000002000002c                uwTick
 COMMON         0x0000000020000030       0x50 ./Src/main.o
                0x0000000020000030                button_state_debounce
                0x0000000020000034                htim16
                0x0000000020000080                . = ALIGN (0x4)
                0x0000000020000080                _ebss = .
                0x0000000020000080                __bss_end__ = _ebss

._user_heap_stack
                0x0000000020000080      0xc00 load address 0x0000000008001564
                0x0000000020000080                . = ALIGN (0x8)
                0x0000000020000080                PROVIDE (end = .)
                [!provide]                        PROVIDE (_end = .)
                0x0000000020000480                . = (. + _Min_Heap_Size)
 *fill*         0x0000000020000080      0x400 
                0x0000000020000c80                . = (. + _Min_Stack_Size)
 *fill*         0x0000000020000480      0x800 
                0x0000000020000c80                . = ALIGN (0x8)

/DISCARD/
 libc.a(*)
 libm.a(*)
 libgcc.a(*)

.ARM.attributes
                0x0000000000000000       0x30
 *(.ARM.attributes)
 .ARM.attributes
                0x0000000000000000       0x1e c:/st/stm32cubeide_1.5.1/stm32cubeide/plugins/com.st.stm32cube.ide.mcu.externaltools.gnu-tools-for-stm32.9-2020-q2-update.win32_2.0.0.202105311346/tools/bin/../lib/gcc/arm-none-eabi/9.3.1/thumb/v7e-m+fp/hard/crti.o
 .ARM.attributes
                0x000000000000001e       0x34 c:/st/stm32cubeide_1.5.1/stm32cubeide/plugins/com.st.stm32cube.ide.mcu.externaltools.gnu-tools-for-stm32.9-2020-q2-update.win32_2.0.0.202105311346/tools/bin/../lib/gcc/arm-none-eabi/9.3.1/thumb/v7e-m+fp/hard/crtbegin.o
 .ARM.attributes
                0x0000000000000052       0x34 ./Drivers/STM32G4xx_HAL_Driver/stm32g4xx_hal.o
 .ARM.attributes
                0x0000000000000086       0x34 ./Drivers/STM32G4xx_HAL_Driver/stm32g4xx_hal_cortex.o
 .ARM.attributes
                0x00000000000000ba       0x34 ./Drivers/STM32G4xx_HAL_Driver/stm32g4xx_hal_gpio.o
 .ARM.attributes
                0x00000000000000ee       0x34 ./Drivers/STM32G4xx_HAL_Driver/stm32g4xx_hal_pwr_ex.o
 .ARM.attributes
                0x0000000000000122       0x34 ./Drivers/STM32G4xx_HAL_Driver/stm32g4xx_hal_rcc.o
 .ARM.attributes
                0x0000000000000156       0x34 ./Drivers/STM32G4xx_HAL_Driver/stm32g4xx_hal_tim.o
 .ARM.attributes
                0x000000000000018a       0x34 ./Drivers/STM32G4xx_HAL_Driver/stm32g4xx_hal_tim_ex.o
 .ARM.attributes
                0x00000000000001be       0x34 ./Src/main.o
 .ARM.attributes
                0x00000000000001f2       0x34 ./Src/stm32g4xx_hal_msp.o
 .ARM.attributes
                0x0000000000000226       0x34 ./Src/stm32g4xx_it.o
 .ARM.attributes
                0x000000000000025a       0x34 ./Src/system_stm32g4xx.o
 .ARM.attributes
                0x000000000000028e       0x34 ./Src/user_main.o
 .ARM.attributes
                0x00000000000002c2       0x21 ./startup/startup_stm32g431xx.o
 .ARM.attributes
                0x00000000000002e3       0x34 c:/st/stm32cubeide_1.5.1/stm32cubeide/plugins/com.st.stm32cube.ide.mcu.externaltools.gnu-tools-for-stm32.9-2020-q2-update.win32_2.0.0.202105311346/tools/bin/../lib/gcc/arm-none-eabi/9.3.1/../../../../arm-none-eabi/lib/thumb/v7e-m+fp/hard\libc_nano.a(lib_a-init.o)
 .ARM.attributes
                0x0000000000000317       0x34 c:/st/stm32cubeide_1.5.1/stm32cubeide/plugins/com.st.stm32cube.ide.mcu.externaltools.gnu-tools-for-stm32.9-2020-q2-update.win32_2.0.0.202105311346/tools/bin/../lib/gcc/arm-none-eabi/9.3.1/../../../../arm-none-eabi/lib/thumb/v7e-m+fp/hard\libc_nano.a(lib_a-memset.o)
 .ARM.attributes
                0x000000000000034b       0x1e c:/st/stm32cubeide_1.5.1/stm32cubeide/plugins/com.st.stm32cube.ide.mcu.externaltools.gnu-tools-for-stm32.9-2020-q2-update.win32_2.0.0.202105311346/tools/bin/../lib/gcc/arm-none-eabi/9.3.1/thumb/v7e-m+fp/hard/crtn.o
OUTPUT(STM32G4Deboard_Blinky.elf elf32-littlearm)
LOAD linker stubs
LOAD c:/st/stm32cubeide_1.5.1/stm32cubeide/plugins/com.st.stm32cube.ide.mcu.externaltools.gnu-tools-for-stm32.9-2020-q2-update.win32_2.0.0.202105311346/tools/bin/../lib/gcc/arm-none-eabi/9.3.1/../../../../arm-none-eabi/lib/thumb/v7e-m+fp/hard\libc.a
LOAD c:/st/stm32cubeide_1.5.1/stm32cubeide/plugins/com.st.stm32cube.ide.mcu.externaltools.gnu-tools-for-stm32.9-2020-q2-update.win32_2.0.0.202105311346/tools/bin/../lib/gcc/arm-none-eabi/9.3.1/../../../../arm-none-eabi/lib/thumb/v7e-m+fp/hard\libm.a
LOAD c:/st/stm32cubeide_1.5.1/stm32cubeide/plugins/com.st.stm32cube.ide.mcu.externaltools.gnu-tools-for-stm32.9-2020-q2-update.win32_2.0.0.202105311346/tools/bin/../lib/gcc/arm-none-eabi/9.3.1/thumb/v7e-m+fp/hard\libgcc.a

.debug_info     0x0000000000000000     0xe197
 .debug_info    0x0000000000000000      0xd2a ./Drivers/STM32G4xx_HAL_Driver/stm32g4xx_hal.o
 .debug_info    0x0000000000000d2a     0x11f9 ./Drivers/STM32G4xx_HAL_Driver/stm32g4xx_hal_cortex.o
 .debug_info    0x0000000000001f23      0xa4d ./Drivers/STM32G4xx_HAL_Driver/stm32g4xx_hal_gpio.o
 .debug_info    0x0000000000002970      0xbcb ./Drivers/STM32G4xx_HAL_Driver/stm32g4xx_hal_pwr_ex.o
 .debug_info    0x000000000000353b      0xfee ./Drivers/STM32G4xx_HAL_Driver/stm32g4xx_hal_rcc.o
 .debug_info    0x0000000000004529     0x400c ./Drivers/STM32G4xx_HAL_Driver/stm32g4xx_hal_tim.o
 .debug_info    0x0000000000008535     0x25a3 ./Drivers/STM32G4xx_HAL_Driver/stm32g4xx_hal_tim_ex.o
 .debug_info    0x000000000000aad8     0x1205 ./Src/main.o
 .debug_info    0x000000000000bcdd      0xf15 ./Src/stm32g4xx_hal_msp.o
 .debug_info    0x000000000000cbf2      0xa75 ./Src/stm32g4xx_it.o
 .debug_info    0x000000000000d667      0x731 ./Src/system_stm32g4xx.o
 .debug_info    0x000000000000dd98      0x3dd ./Src/user_main.o
 .debug_info    0x000000000000e175       0x22 ./startup/startup_stm32g431xx.o

.debug_abbrev   0x0000000000000000     0x1b7b
 .debug_abbrev  0x0000000000000000      0x24d ./Drivers/STM32G4xx_HAL_Driver/stm32g4xx_hal.o
 .debug_abbrev  0x000000000000024d      0x38a ./Drivers/STM32G4xx_HAL_Driver/stm32g4xx_hal_cortex.o
 .debug_abbrev  0x00000000000005d7      0x216 ./Drivers/STM32G4xx_HAL_Driver/stm32g4xx_hal_gpio.o
 .debug_abbrev  0x00000000000007ed      0x25b ./Drivers/STM32G4xx_HAL_Driver/stm32g4xx_hal_pwr_ex.o
 .debug_abbrev  0x0000000000000a48      0x272 ./Drivers/STM32G4xx_HAL_Driver/stm32g4xx_hal_rcc.o
 .debug_abbrev  0x0000000000000cba      0x28c ./Drivers/STM32G4xx_HAL_Driver/stm32g4xx_hal_tim.o
 .debug_abbrev  0x0000000000000f46      0x2a2 ./Drivers/STM32G4xx_HAL_Driver/stm32g4xx_hal_tim_ex.o
 .debug_abbrev  0x00000000000011e8      0x2e1 ./Src/main.o
 .debug_abbrev  0x00000000000014c9      0x20a ./Src/stm32g4xx_hal_msp.o
 .debug_abbrev  0x00000000000016d3      0x1c7 ./Src/stm32g4xx_it.o
 .debug_abbrev  0x000000000000189a      0x16b ./Src/system_stm32g4xx.o
 .debug_abbrev  0x0000000000001a05      0x164 ./Src/user_main.o
 .debug_abbrev  0x0000000000001b69       0x12 ./startup/startup_stm32g431xx.o

.debug_loc      0x0000000000000000     0x941b
 .debug_loc     0x0000000000000000      0x1ef ./Drivers/STM32G4xx_HAL_Driver/stm32g4xx_hal.o
 .debug_loc     0x00000000000001ef      0x736 ./Drivers/STM32G4xx_HAL_Driver/stm32g4xx_hal_cortex.o
 .debug_loc     0x0000000000000925      0x33a ./Drivers/STM32G4xx_HAL_Driver/stm32g4xx_hal_gpio.o
 .debug_loc     0x0000000000000c5f      0xa06 ./Drivers/STM32G4xx_HAL_Driver/stm32g4xx_hal_pwr_ex.o
 .debug_loc     0x0000000000001665      0x7ca ./Drivers/STM32G4xx_HAL_Driver/stm32g4xx_hal_rcc.o
 .debug_loc     0x0000000000001e2f     0x4d03 ./Drivers/STM32G4xx_HAL_Driver/stm32g4xx_hal_tim.o
 .debug_loc     0x0000000000006b32     0x279b ./Drivers/STM32G4xx_HAL_Driver/stm32g4xx_hal_tim_ex.o
 .debug_loc     0x00000000000092cd       0x57 ./Src/main.o
 .debug_loc     0x0000000000009324       0x67 ./Src/stm32g4xx_hal_msp.o
 .debug_loc     0x000000000000938b       0x90 ./Src/system_stm32g4xx.o

.debug_aranges  0x0000000000000000      0xb68
 .debug_aranges
                0x0000000000000000      0x130 ./Drivers/STM32G4xx_HAL_Driver/stm32g4xx_hal.o
 .debug_aranges
                0x0000000000000130       0xa8 ./Drivers/STM32G4xx_HAL_Driver/stm32g4xx_hal_cortex.o
 .debug_aranges
                0x00000000000001d8       0x58 ./Drivers/STM32G4xx_HAL_Driver/stm32g4xx_hal_gpio.o
 .debug_aranges
                0x0000000000000230      0x140 ./Drivers/STM32G4xx_HAL_Driver/stm32g4xx_hal_pwr_ex.o
 .debug_aranges
                0x0000000000000370       0x98 ./Drivers/STM32G4xx_HAL_Driver/stm32g4xx_hal_rcc.o
 .debug_aranges
                0x0000000000000408      0x3e0 ./Drivers/STM32G4xx_HAL_Driver/stm32g4xx_hal_tim.o
 .debug_aranges
                0x00000000000007e8      0x240 ./Drivers/STM32G4xx_HAL_Driver/stm32g4xx_hal_tim_ex.o
 .debug_aranges
                0x0000000000000a28       0x48 ./Src/main.o
 .debug_aranges
                0x0000000000000a70       0x30 ./Src/stm32g4xx_hal_msp.o
 .debug_aranges
                0x0000000000000aa0       0x58 ./Src/stm32g4xx_it.o
 .debug_aranges
                0x0000000000000af8       0x28 ./Src/system_stm32g4xx.o
 .debug_aranges
                0x0000000000000b20       0x20 ./Src/user_main.o
 .debug_aranges
                0x0000000000000b40       0x28 ./startup/startup_stm32g431xx.o

.debug_ranges   0x0000000000000000      0xb18
 .debug_ranges  0x0000000000000000      0x120 ./Drivers/STM32G4xx_HAL_Driver/stm32g4xx_hal.o
 .debug_ranges  0x0000000000000120       0xf8 ./Drivers/STM32G4xx_HAL_Driver/stm32g4xx_hal_cortex.o
 .debug_ranges  0x0000000000000218       0x48 ./Drivers/STM32G4xx_HAL_Driver/stm32g4xx_hal_gpio.o
 .debug_ranges  0x0000000000000260      0x130 ./Drivers/STM32G4xx_HAL_Driver/stm32g4xx_hal_pwr_ex.o
 .debug_ranges  0x0000000000000390       0xa0 ./Drivers/STM32G4xx_HAL_Driver/stm32g4xx_hal_rcc.o
 .debug_ranges  0x0000000000000430      0x3d0 ./Drivers/STM32G4xx_HAL_Driver/stm32g4xx_hal_tim.o
 .debug_ranges  0x0000000000000800      0x230 ./Drivers/STM32G4xx_HAL_Driver/stm32g4xx_hal_tim_ex.o
 .debug_ranges  0x0000000000000a30       0x38 ./Src/main.o
 .debug_ranges  0x0000000000000a68       0x20 ./Src/stm32g4xx_hal_msp.o
 .debug_ranges  0x0000000000000a88       0x48 ./Src/stm32g4xx_it.o
 .debug_ranges  0x0000000000000ad0       0x18 ./Src/system_stm32g4xx.o
 .debug_ranges  0x0000000000000ae8       0x10 ./Src/user_main.o
 .debug_ranges  0x0000000000000af8       0x20 ./startup/startup_stm32g431xx.o

.debug_macro    0x0000000000000000    0x1c82d
 .debug_macro   0x0000000000000000      0x208 ./Drivers/STM32G4xx_HAL_Driver/stm32g4xx_hal.o
 .debug_macro   0x0000000000000208      0xaa2 ./Drivers/STM32G4xx_HAL_Driver/stm32g4xx_hal.o
 .debug_macro   0x0000000000000caa      0x155 ./Drivers/STM32G4xx_HAL_Driver/stm32g4xx_hal.o
 .debug_macro   0x0000000000000dff       0x2e ./Drivers/STM32G4xx_HAL_Driver/stm32g4xx_hal.o
 .debug_macro   0x0000000000000e2d       0x28 ./Drivers/STM32G4xx_HAL_Driver/stm32g4xx_hal.o
 .debug_macro   0x0000000000000e55       0x22 ./Drivers/STM32G4xx_HAL_Driver/stm32g4xx_hal.o
 .debug_macro   0x0000000000000e77       0x8e ./Drivers/STM32G4xx_HAL_Driver/stm32g4xx_hal.o
 .debug_macro   0x0000000000000f05       0x51 ./Drivers/STM32G4xx_HAL_Driver/stm32g4xx_hal.o
 .debug_macro   0x0000000000000f56      0x103 ./Drivers/STM32G4xx_HAL_Driver/stm32g4xx_hal.o
 .debug_macro   0x0000000000001059       0x6a ./Drivers/STM32G4xx_HAL_Driver/stm32g4xx_hal.o
 .debug_macro   0x00000000000010c3      0x1df ./Drivers/STM32G4xx_HAL_Driver/stm32g4xx_hal.o
 .debug_macro   0x00000000000012a2       0x1c ./Drivers/STM32G4xx_HAL_Driver/stm32g4xx_hal.o
 .debug_macro   0x00000000000012be       0x22 ./Drivers/STM32G4xx_HAL_Driver/stm32g4xx_hal.o
 .debug_macro   0x00000000000012e0      0x101 ./Drivers/STM32G4xx_HAL_Driver/stm32g4xx_hal.o
 .debug_macro   0x00000000000013e1     0x1011 ./Drivers/STM32G4xx_HAL_Driver/stm32g4xx_hal.o
 .debug_macro   0x00000000000023f2      0x11f ./Drivers/STM32G4xx_HAL_Driver/stm32g4xx_hal.o
 .debug_macro   0x0000000000002511    0x1138f ./Drivers/STM32G4xx_HAL_Driver/stm32g4xx_hal.o
 .debug_macro   0x00000000000138a0       0x43 ./Drivers/STM32G4xx_HAL_Driver/stm32g4xx_hal.o
 .debug_macro   0x00000000000138e3     0x34ed ./Drivers/STM32G4xx_HAL_Driver/stm32g4xx_hal.o
 .debug_macro   0x0000000000016dd0      0x174 ./Drivers/STM32G4xx_HAL_Driver/stm32g4xx_hal.o
 .debug_macro   0x0000000000016f44       0x5a ./Drivers/STM32G4xx_HAL_Driver/stm32g4xx_hal.o
 .debug_macro   0x0000000000016f9e     0x13de ./Drivers/STM32G4xx_HAL_Driver/stm32g4xx_hal.o
 .debug_macro   0x000000000001837c      0x535 ./Drivers/STM32G4xx_HAL_Driver/stm32g4xx_hal.o
 .debug_macro   0x00000000000188b1      0x137 ./Drivers/STM32G4xx_HAL_Driver/stm32g4xx_hal.o
 .debug_macro   0x00000000000189e8      0x289 ./Drivers/STM32G4xx_HAL_Driver/stm32g4xx_hal.o
 .debug_macro   0x0000000000018c71      0x41d ./Drivers/STM32G4xx_HAL_Driver/stm32g4xx_hal.o
 .debug_macro   0x000000000001908e      0x18b ./Drivers/STM32G4xx_HAL_Driver/stm32g4xx_hal.o
 .debug_macro   0x0000000000019219       0x43 ./Drivers/STM32G4xx_HAL_Driver/stm32g4xx_hal.o
 .debug_macro   0x000000000001925c      0x23d ./Drivers/STM32G4xx_HAL_Driver/stm32g4xx_hal.o
 .debug_macro   0x0000000000019499      0x212 ./Drivers/STM32G4xx_HAL_Driver/stm32g4xx_hal.o
 .debug_macro   0x00000000000196ab      0x401 ./Drivers/STM32G4xx_HAL_Driver/stm32g4xx_hal.o
 .debug_macro   0x0000000000019aac      0x107 ./Drivers/STM32G4xx_HAL_Driver/stm32g4xx_hal.o
 .debug_macro   0x0000000000019bb3      0x122 ./Drivers/STM32G4xx_HAL_Driver/stm32g4xx_hal.o
 .debug_macro   0x0000000000019cd5      0x3d1 ./Drivers/STM32G4xx_HAL_Driver/stm32g4xx_hal.o
 .debug_macro   0x000000000001a0a6      0xbbe ./Drivers/STM32G4xx_HAL_Driver/stm32g4xx_hal.o
 .debug_macro   0x000000000001ac64      0x47e ./Drivers/STM32G4xx_HAL_Driver/stm32g4xx_hal.o
 .debug_macro   0x000000000001b0e2      0x307 ./Drivers/STM32G4xx_HAL_Driver/stm32g4xx_hal.o
 .debug_macro   0x000000000001b3e9      0x1ba ./Drivers/STM32G4xx_HAL_Driver/stm32g4xx_hal_cortex.o
 .debug_macro   0x000000000001b5a3      0x1f2 ./Drivers/STM32G4xx_HAL_Driver/stm32g4xx_hal_gpio.o
 .debug_macro   0x000000000001b795      0x1e4 ./Drivers/STM32G4xx_HAL_Driver/stm32g4xx_hal_pwr_ex.o
 .debug_macro   0x000000000001b979      0x1f6 ./Drivers/STM32G4xx_HAL_Driver/stm32g4xx_hal_rcc.o
 .debug_macro   0x000000000001bb6f      0x1c2 ./Drivers/STM32G4xx_HAL_Driver/stm32g4xx_hal_tim.o
 .debug_macro   0x000000000001bd31      0x1c0 ./Drivers/STM32G4xx_HAL_Driver/stm32g4xx_hal_tim_ex.o
 .debug_macro   0x000000000001bef1      0x1dc ./Src/main.o
 .debug_macro   0x000000000001c0cd       0x1c ./Src/main.o
 .debug_macro   0x000000000001c0e9       0x10 ./Src/main.o
 .debug_macro   0x000000000001c0f9      0x1c9 ./Src/stm32g4xx_hal_msp.o
 .debug_macro   0x000000000001c2c2      0x1d3 ./Src/stm32g4xx_it.o
 .debug_macro   0x000000000001c495      0x1c0 ./Src/system_stm32g4xx.o
 .debug_macro   0x000000000001c655      0x1d8 ./Src/user_main.o

.debug_line     0x0000000000000000     0xf5ac
 .debug_line    0x0000000000000000      0xc4c ./Drivers/STM32G4xx_HAL_Driver/stm32g4xx_hal.o
 .debug_line    0x0000000000000c4c      0xd5e ./Drivers/STM32G4xx_HAL_Driver/stm32g4xx_hal_cortex.o
 .debug_line    0x00000000000019aa      0xc9a ./Drivers/STM32G4xx_HAL_Driver/stm32g4xx_hal_gpio.o
 .debug_line    0x0000000000002644     0x1036 ./Drivers/STM32G4xx_HAL_Driver/stm32g4xx_hal_pwr_ex.o
 .debug_line    0x000000000000367a     0x138b ./Drivers/STM32G4xx_HAL_Driver/stm32g4xx_hal_rcc.o
 .debug_line    0x0000000000004a05     0x55c5 ./Drivers/STM32G4xx_HAL_Driver/stm32g4xx_hal_tim.o
 .debug_line    0x0000000000009fca     0x2b55 ./Drivers/STM32G4xx_HAL_Driver/stm32g4xx_hal_tim_ex.o
 .debug_line    0x000000000000cb1f      0x9e4 ./Src/main.o
 .debug_line    0x000000000000d503      0x7f6 ./Src/stm32g4xx_hal_msp.o
 .debug_line    0x000000000000dcf9      0x857 ./Src/stm32g4xx_it.o
 .debug_line    0x000000000000e550      0x83a ./Src/system_stm32g4xx.o
 .debug_line    0x000000000000ed8a      0x7a0 ./Src/user_main.o
 .debug_line    0x000000000000f52a       0x82 ./startup/startup_stm32g431xx.o

.debug_str      0x0000000000000000    0xbae49
 .debug_str     0x0000000000000000    0xb7b53 ./Drivers/STM32G4xx_HAL_Driver/stm32g4xx_hal.o
                                      0xb7f7b (size before relaxing)
 .debug_str     0x00000000000b7b53      0x3d6 ./Drivers/STM32G4xx_HAL_Driver/stm32g4xx_hal_cortex.o
                                      0xb7c3e (size before relaxing)
 .debug_str     0x00000000000b7f29      0x2e0 ./Drivers/STM32G4xx_HAL_Driver/stm32g4xx_hal_gpio.o
                                      0xb76e5 (size before relaxing)
 .debug_str     0x00000000000b8209      0x51f ./Drivers/STM32G4xx_HAL_Driver/stm32g4xx_hal_pwr_ex.o
                                      0xb796b (size before relaxing)
 .debug_str     0x00000000000b8728      0x51e ./Drivers/STM32G4xx_HAL_Driver/stm32g4xx_hal_rcc.o
                                      0xb7a18 (size before relaxing)
 .debug_str     0x00000000000b8c46     0x1530 ./Drivers/STM32G4xx_HAL_Driver/stm32g4xx_hal_tim.o
                                      0xb8919 (size before relaxing)
 .debug_str     0x00000000000ba176      0xa14 ./Drivers/STM32G4xx_HAL_Driver/stm32g4xx_hal_tim_ex.o
                                      0xb85b2 (size before relaxing)
 .debug_str     0x00000000000bab8a      0x159 ./Src/main.o
                                      0xb7d59 (size before relaxing)
 .debug_str     0x00000000000bace3       0x25 ./Src/stm32g4xx_hal_msp.o
                                      0xb7ebc (size before relaxing)
 .debug_str     0x00000000000bad08       0xad ./Src/stm32g4xx_it.o
                                      0xb7931 (size before relaxing)
 .debug_str     0x00000000000badb5       0x52 ./Src/system_stm32g4xx.o
                                      0xb743a (size before relaxing)
 .debug_str     0x00000000000bae07       0x13 ./Src/user_main.o
                                      0xb7365 (size before relaxing)
 .debug_str     0x00000000000bae1a       0x2f ./startup/startup_stm32g431xx.o
                                         0x74 (size before relaxing)

.comment        0x0000000000000000       0x53
 .comment       0x0000000000000000       0x53 ./Drivers/STM32G4xx_HAL_Driver/stm32g4xx_hal.o
                                         0x54 (size before relaxing)
 .comment       0x0000000000000053       0x54 ./Drivers/STM32G4xx_HAL_Driver/stm32g4xx_hal_cortex.o
 .comment       0x0000000000000053       0x54 ./Drivers/STM32G4xx_HAL_Driver/stm32g4xx_hal_gpio.o
 .comment       0x0000000000000053       0x54 ./Drivers/STM32G4xx_HAL_Driver/stm32g4xx_hal_pwr_ex.o
 .comment       0x0000000000000053       0x54 ./Drivers/STM32G4xx_HAL_Driver/stm32g4xx_hal_rcc.o
 .comment       0x0000000000000053       0x54 ./Drivers/STM32G4xx_HAL_Driver/stm32g4xx_hal_tim.o
 .comment       0x0000000000000053       0x54 ./Drivers/STM32G4xx_HAL_Driver/stm32g4xx_hal_tim_ex.o
 .comment       0x0000000000000053       0x54 ./Src/main.o
 .comment       0x0000000000000053       0x54 ./Src/stm32g4xx_hal_msp.o
 .comment       0x0000000000000053       0x54 ./Src/stm32g4xx_it.o
 .comment       0x0000000000000053       0x54 ./Src/system_stm32g4xx.o
 .comment       0x0000000000000053       0x54 ./Src/user_main.o

.debug_frame    0x0000000000000000     0x1c6c
 .debug_frame   0x0000000000000000      0x274 ./Drivers/STM32G4xx_HAL_Driver/stm32g4xx_hal.o
 .debug_frame   0x0000000000000274      0x15c ./Drivers/STM32G4xx_HAL_Driver/stm32g4xx_hal_cortex.o
 .debug_frame   0x00000000000003d0       0xd0 ./Drivers/STM32G4xx_HAL_Driver/stm32g4xx_hal_gpio.o
 .debug_frame   0x00000000000004a0      0x268 ./Drivers/STM32G4xx_HAL_Driver/stm32g4xx_hal_pwr_ex.o
 .debug_frame   0x0000000000000708      0x198 ./Drivers/STM32G4xx_HAL_Driver/stm32g4xx_hal_rcc.o
 .debug_frame   0x00000000000008a0      0xb5c ./Drivers/STM32G4xx_HAL_Driver/stm32g4xx_hal_tim.o
 .debug_frame   0x00000000000013fc      0x624 ./Drivers/STM32G4xx_HAL_Driver/stm32g4xx_hal_tim_ex.o
 .debug_frame   0x0000000000001a20       0xa8 ./Src/main.o
 .debug_frame   0x0000000000001ac8       0x60 ./Src/stm32g4xx_hal_msp.o
 .debug_frame   0x0000000000001b28       0xa0 ./Src/stm32g4xx_it.o
 .debug_frame   0x0000000000001bc8       0x30 ./Src/system_stm32g4xx.o
 .debug_frame   0x0000000000001bf8       0x28 ./Src/user_main.o
 .debug_frame   0x0000000000001c20       0x2c c:/st/stm32cubeide_1.5.1/stm32cubeide/plugins/com.st.stm32cube.ide.mcu.externaltools.gnu-tools-for-stm32.9-2020-q2-update.win32_2.0.0.202105311346/tools/bin/../lib/gcc/arm-none-eabi/9.3.1/../../../../arm-none-eabi/lib/thumb/v7e-m+fp/hard\libc_nano.a(lib_a-init.o)
 .debug_frame   0x0000000000001c4c       0x20 c:/st/stm32cubeide_1.5.1/stm32cubeide/plugins/com.st.stm32cube.ide.mcu.externaltools.gnu-tools-for-stm32.9-2020-q2-update.win32_2.0.0.202105311346/tools/bin/../lib/gcc/arm-none-eabi/9.3.1/../../../../arm-none-eabi/lib/thumb/v7e-m+fp/hard\libc_nano.a(lib_a-memset.o)
