Archive member included to satisfy reference by file (symbol)

c:/st/stm32cubeide_1.5.1/stm32cubeide/plugins/com.st.stm32cube.ide.mcu.externaltools.gnu-tools-for-stm32.9-2020-q2-update.win32_2.0.0.202105311346/tools/bin/../lib/gcc/arm-none-eabi/9.3.1/../../../../arm-none-eabi/lib/thumb/v7e-m+fp/hard\libc_nano.a(lib_a-errno.o)
                              ./Src/syscalls.o (__errno)
c:/st/stm32cubeide_1.5.1/stm32cubeide/plugins/com.st.stm32cube.ide.mcu.externaltools.gnu-tools-for-stm32.9-2020-q2-update.win32_2.0.0.202105311346/tools/bin/../lib/gcc/arm-none-eabi/9.3.1/../../../../arm-none-eabi/lib/thumb/v7e-m+fp/hard\libc_nano.a(lib_a-exit.o)
                              c:/st/stm32cubeide_1.5.1/stm32cubeide/plugins/com.st.stm32cube.ide.mcu.externaltools.gnu-tools-for-stm32.9-2020-q2-update.win32_2.0.0.202105311346/tools/bin/../lib/gcc/arm-none-eabi/9.3.1/../../../../arm-none-eabi/lib/thumb/v7e-m+fp/hard/crt0.o (exit)
c:/st/stm32cubeide_1.5.1/stm32cubeide/plugins/com.st.stm32cube.ide.mcu.externaltools.gnu-tools-for-stm32.9-2020-q2-update.win32_2.0.0.202105311346/tools/bin/../lib/gcc/arm-none-eabi/9.3.1/../../../../arm-none-eabi/lib/thumb/v7e-m+fp/hard\libc_nano.a(lib_a-impure.o)
                              c:/st/stm32cubeide_1.5.1/stm32cubeide/plugins/com.st.stm32cube.ide.mcu.externaltools.gnu-tools-for-stm32.9-2020-q2-update.win32_2.0.0.202105311346/tools/bin/../lib/gcc/arm-none-eabi/9.3.1/../../../../arm-none-eabi/lib/thumb/v7e-m+fp/hard\libc_nano.a(lib_a-exit.o) (_global_impure_ptr)
c:/st/stm32cubeide_1.5.1/stm32cubeide/plugins/com.st.stm32cube.ide.mcu.externaltools.gnu-tools-for-stm32.9-2020-q2-update.win32_2.0.0.202105311346/tools/bin/../lib/gcc/arm-none-eabi/9.3.1/../../../../arm-none-eabi/lib/thumb/v7e-m+fp/hard\libc_nano.a(lib_a-init.o)
                              c:/st/stm32cubeide_1.5.1/stm32cubeide/plugins/com.st.stm32cube.ide.mcu.externaltools.gnu-tools-for-stm32.9-2020-q2-update.win32_2.0.0.202105311346/tools/bin/../lib/gcc/arm-none-eabi/9.3.1/../../../../arm-none-eabi/lib/thumb/v7e-m+fp/hard/crt0.o (__libc_init_array)
c:/st/stm32cubeide_1.5.1/stm32cubeide/plugins/com.st.stm32cube.ide.mcu.externaltools.gnu-tools-for-stm32.9-2020-q2-update.win32_2.0.0.202105311346/tools/bin/../lib/gcc/arm-none-eabi/9.3.1/../../../../arm-none-eabi/lib/thumb/v7e-m+fp/hard\libc_nano.a(lib_a-memcpy-stub.o)
                              ./Drivers/VL53L0X/core/src/vl53l0x_api.o (memcpy)
c:/st/stm32cubeide_1.5.1/stm32cubeide/plugins/com.st.stm32cube.ide.mcu.externaltools.gnu-tools-for-stm32.9-2020-q2-update.win32_2.0.0.202105311346/tools/bin/../lib/gcc/arm-none-eabi/9.3.1/../../../../arm-none-eabi/lib/thumb/v7e-m+fp/hard\libc_nano.a(lib_a-memset.o)
                              c:/st/stm32cubeide_1.5.1/stm32cubeide/plugins/com.st.stm32cube.ide.mcu.externaltools.gnu-tools-for-stm32.9-2020-q2-update.win32_2.0.0.202105311346/tools/bin/../lib/gcc/arm-none-eabi/9.3.1/../../../../arm-none-eabi/lib/thumb/v7e-m+fp/hard/crt0.o (memset)
c:/st/stm32cubeide_1.5.1/stm32cubeide/plugins/com.st.stm32cube.ide.mcu.externaltools.gnu-tools-for-stm32.9-2020-q2-update.win32_2.0.0.202105311346/tools/bin/../lib/gcc/arm-none-eabi/9.3.1/../../../../arm-none-eabi/lib/thumb/v7e-m+fp/hard\libc_nano.a(lib_a-printf.o)
                              ./Src/user_main.o (printf)
c:/st/stm32cubeide_1.5.1/stm32cubeide/plugins/com.st.stm32cube.ide.mcu.externaltools.gnu-tools-for-stm32.9-2020-q2-update.win32_2.0.0.202105311346/tools/bin/../lib/gcc/arm-none-eabi/9.3.1/../../../../arm-none-eabi/lib/thumb/v7e-m+fp/hard\libc_nano.a(lib_a-puts.o)
                              ./Src/user_main.o (puts)
c:/st/stm32cubeide_1.5.1/stm32cubeide/plugins/com.st.stm32cube.ide.mcu.externaltools.gnu-tools-for-stm32.9-2020-q2-update.win32_2.0.0.202105311346/tools/bin/../lib/gcc/arm-none-eabi/9.3.1/../../../../arm-none-eabi/lib/thumb/v7e-m+fp/hard\libc_nano.a(lib_a-strcpy.o)
                              ./Drivers/VL53L0X/core/src/vl53l0x_api_core.o (strcpy)
c:/st/stm32cubeide_1.5.1/stm32cubeide/plugins/com.st.stm32cube.ide.mcu.externaltools.gnu-tools-for-stm32.9-2020-q2-update.win32_2.0.0.202105311346/tools/bin/../lib/gcc/arm-none-eabi/9.3.1/../../../../arm-none-eabi/lib/thumb/v7e-m+fp/hard\libc_nano.a(lib_a-wbuf.o)
                              c:/st/stm32cubeide_1.5.1/stm32cubeide/plugins/com.st.stm32cube.ide.mcu.externaltools.gnu-tools-for-stm32.9-2020-q2-update.win32_2.0.0.202105311346/tools/bin/../lib/gcc/arm-none-eabi/9.3.1/../../../../arm-none-eabi/lib/thumb/v7e-m+fp/hard\libc_nano.a(lib_a-puts.o) (__swbuf_r)
c:/st/stm32cubeide_1.5.1/stm32cubeide/plugins/com.st.stm32cube.ide.mcu.externaltools.gnu-tools-for-stm32.9-2020-q2-update.win32_2.0.0.202105311346/tools/bin/../lib/gcc/arm-none-eabi/9.3.1/../../../../arm-none-eabi/lib/thumb/v7e-m+fp/hard\libc_nano.a(lib_a-wsetup.o)
[...]
Memory Configuration

Name             Origin             Length             Attributes
RAM              0x0000000020000000 0x0000000000008000 xrw
FLASH            0x0000000008000000 0x0000000000020000 xr
*default*        0x0000000000000000 0xffffffffffffffff

Linker script and memory map

LOAD c:/st/stm32cubeide_1.5.1/stm32cubeide/plugins/com.st.stm32cube.ide.mcu.externaltools.gnu-tools-for-stm32.9-2020-q2-update.win32_2.0.0.202105311346/tools/bin/../lib/gcc/arm-none-eabi/9.3.1/thumb/v7e-m+fp/hard/crti.o
LOAD c:/st/stm32cubeide_1.5.1/stm32cubeide/plugins/com.st.stm32cube.ide.mcu.externaltools.gnu-tools-for-stm32.9-2020-q2-update.win32_2.0.0.202105311346/tools/bin/../lib/gcc/arm-none-eabi/9.3.1/thumb/v7e-m+fp/hard/crtbegin.o
LOAD c:/st/stm32cubeide_1.5.1/stm32cubeide/plugins/com.st.stm32cube.ide.mcu.externaltools.gnu-tools-for-stm32.9-2020-q2-update.win32_2.0.0.202105311346/tools/bin/../lib/gcc/arm-none-eabi/9.3.1/../../../../arm-none-eabi/lib/thumb/v7e-m+fp/hard/crt0.o
LOAD ./Drivers/STM32G4xx_HAL_Driver/Src/stm32g4xx_hal.o
LOAD ./Drivers/STM32G4xx_HAL_Driver/Src/stm32g4xx_hal_cortex.o
LOAD ./Drivers/STM32G4xx_HAL_Driver/Src/stm32g4xx_hal_dma.o
LOAD ./Drivers/STM32G4xx_HAL_Driver/Src/stm32g4xx_hal_dma_ex.o
LOAD ./Drivers/STM32G4xx_HAL_Driver/Src/stm32g4xx_hal_exti.o
LOAD ./Drivers/STM32G4xx_HAL_Driver/Src/stm32g4xx_hal_flash.o
LOAD ./Drivers/STM32G4xx_HAL_Driver/Src/stm32g4xx_hal_flash_ex.o
LOAD ./Drivers/STM32G4xx_HAL_Driver/Src/stm32g4xx_hal_flash_ramfunc.o
LOAD ./Drivers/STM32G4xx_HAL_Driver/Src/stm32g4xx_hal_gpio.o
LOAD ./Drivers/STM32G4xx_HAL_Driver/Src/stm32g4xx_hal_i2c.o
LOAD ./Drivers/STM32G4xx_HAL_Driver/Src/stm32g4xx_hal_i2c_ex.o
LOAD ./Drivers/STM32G4xx_HAL_Driver/Src/stm32g4xx_hal_pcd.o
LOAD ./Drivers/STM32G4xx_HAL_Driver/Src/stm32g4xx_hal_pcd_ex.o
LOAD ./Drivers/STM32G4xx_HAL_Driver/Src/stm32g4xx_hal_pwr.o
LOAD ./Drivers/STM32G4xx_HAL_Driver/Src/stm32g4xx_hal_pwr_ex.o
LOAD ./Drivers/STM32G4xx_HAL_Driver/Src/stm32g4xx_hal_rcc.o
LOAD ./Drivers/STM32G4xx_HAL_Driver/Src/stm32g4xx_hal_rcc_ex.o
LOAD ./Drivers/STM32G4xx_HAL_Driver/Src/stm32g4xx_hal_spi.o
LOAD ./Drivers/STM32G4xx_HAL_Driver/Src/stm32g4xx_hal_spi_ex.o
LOAD ./Drivers/STM32G4xx_HAL_Driver/Src/stm32g4xx_hal_tim.o
LOAD ./Drivers/STM32G4xx_HAL_Driver/Src/stm32g4xx_hal_tim_ex.o
LOAD ./Drivers/STM32G4xx_HAL_Driver/Src/stm32g4xx_ll_usb.o
LOAD ./Drivers/VL53L0X/core/src/vl53l0x_api.o
LOAD ./Drivers/VL53L0X/core/src/vl53l0x_api_calibration.o
LOAD ./Drivers/VL53L0X/core/src/vl53l0x_api_core.o
LOAD ./Drivers/VL53L0X/core/src/vl53l0x_api_ranging.o
LOAD ./Drivers/VL53L0X/core/src/vl53l0x_api_strings.o
LOAD ./Drivers/VL53L0X/platform/src/vl53l0x_platform.o
LOAD ./Middlewares/ST/STM32_USB_Device_Library/Class/CDC/Src/usbd_cdc.o
LOAD ./Middlewares/ST/STM32_USB_Device_Library/Core/Src/usbd_core.o
LOAD ./Middlewares/ST/STM32_USB_Device_Library/Core/Src/usbd_ctlreq.o
LOAD ./Middlewares/ST/STM32_USB_Device_Library/Core/Src/usbd_ioreq.o
LOAD ./Src/gpio.o
LOAD ./Src/i2c.o
LOAD ./Src/main.o
LOAD ./Src/nrf24l01.o
LOAD ./Src/spi.o
LOAD ./Src/stm32g4xx_hal_msp.o
LOAD ./Src/stm32g4xx_it.o
LOAD ./Src/syscalls.o
LOAD ./Src/sysmem.o
LOAD ./Src/system_stm32g4xx.o
LOAD ./Src/tim.o
LOAD ./Src/usb_device.o
LOAD ./Src/usbd_cdc_if.o
LOAD ./Src/usbd_conf.o
LOAD ./Src/usbd_desc.o
LOAD ./Src/user_delays.o
LOAD ./Src/user_main.o
LOAD ./Src/user_nrf24l01.o
LOAD ./Src/user_retarget.o
LOAD ./Src/user_spi.o
LOAD ./Src/user_vl53l0x.o
LOAD ./Startup/startup_stm32g431kbtx.o
START GROUP
LOAD c:/st/stm32cubeide_1.5.1/stm32cubeide/plugins/com.st.stm32cube.ide.mcu.externaltools.gnu-tools-for-stm32.9-2020-q2-update.win32_2.0.0.202105311346/tools/bin/../lib/gcc/arm-none-eabi/9.3.1/../../../../arm-none-eabi/lib/thumb/v7e-m+fp/hard\libc_nano.a
LOAD c:/st/stm32cubeide_1.5.1/stm32cubeide/plugins/com.st.stm32cube.ide.mcu.externaltools.gnu-tools-for-stm32.9-2020-q2-update.win32_2.0.0.202105311346/tools/bin/../lib/gcc/arm-none-eabi/9.3.1/../../../../arm-none-eabi/lib/thumb/v7e-m+fp/hard\libm.a
END GROUP
START GROUP
LOAD c:/st/stm32cubeide_1.5.1/stm32cubeide/plugins/com.st.stm32cube.ide.mcu.externaltools.gnu-tools-for-stm32.9-2020-q2-update.win32_2.0.0.202105311346/tools/bin/../lib/gcc/arm-none-eabi/9.3.1/thumb/v7e-m+fp/hard\libgcc.a
LOAD c:/st/stm32cubeide_1.5.1/stm32cubeide/plugins/com.st.stm32cube.ide.mcu.externaltools.gnu-tools-for-stm32.9-2020-q2-update.win32_2.0.0.202105311346/tools/bin/../lib/gcc/arm-none-eabi/9.3.1/../../../../arm-none-eabi/lib/thumb/v7e-m+fp/hard\libc_nano.a
END GROUP
START GROUP
LOAD c:/st/stm32cubeide_1.5.1/stm32cubeide/plugins/com.st.stm32cube.ide.mcu.externaltools.gnu-tools-for-stm32.9-2020-q2-update.win32_2.0.0.202105311346/tools/bin/../lib/gcc/arm-none-eabi/9.3.1/thumb/v7e-m+fp/hard\libgcc.a
LOAD c:/st/stm32cubeide_1.5.1/stm32cubeide/plugins/com.st.stm32cube.ide.mcu.externaltools.gnu-tools-for-stm32.9-2020-q2-update.win32_2.0.0.202105311346/tools/bin/../lib/gcc/arm-none-eabi/9.3.1/../../../../arm-none-eabi/lib/thumb/v7e-m+fp/hard\libc_nano.a
LOAD c:/st/stm32cubeide_1.5.1/stm32cubeide/plugins/com.st.stm32cube.ide.mcu.externaltools.gnu-tools-for-stm32.9-2020-q2-update.win32_2.0.0.202105311346/tools/bin/../lib/gcc/arm-none-eabi/9.3.1/../../../../arm-none-eabi/lib/thumb/v7e-m+fp/hard\libnosys.a
END GROUP
START GROUP
LOAD c:/st/stm32cubeide_1.5.1/stm32cubeide/plugins/com.st.stm32cube.ide.mcu.externaltools.gnu-tools-for-stm32.9-2020-q2-update.win32_2.0.0.202105311346/tools/bin/../lib/gcc/arm-none-eabi/9.3.1/thumb/v7e-m+fp/hard\libgcc.a
LOAD c:/st/stm32cubeide_1.5.1/stm32cubeide/plugins/com.st.stm32cube.ide.mcu.externaltools.gnu-tools-for-stm32.9-2020-q2-update.win32_2.0.0.202105311346/tools/bin/../lib/gcc/arm-none-eabi/9.3.1/../../../../arm-none-eabi/lib/thumb/v7e-m+fp/hard\libc_nano.a
LOAD c:/st/stm32cubeide_1.5.1/stm32cubeide/plugins/com.st.stm32cube.ide.mcu.externaltools.gnu-tools-for-stm32.9-2020-q2-update.win32_2.0.0.202105311346/tools/bin/../lib/gcc/arm-none-eabi/9.3.1/../../../../arm-none-eabi/lib/thumb/v7e-m+fp/hard\libnosys.a
END GROUP
LOAD c:/st/stm32cubeide_1.5.1/stm32cubeide/plugins/com.st.stm32cube.ide.mcu.externaltools.gnu-tools-for-stm32.9-2020-q2-update.win32_2.0.0.202105311346/tools/bin/../lib/gcc/arm-none-eabi/9.3.1/thumb/v7e-m+fp/hard/crtend.o
LOAD c:/st/stm32cubeide_1.5.1/stm32cubeide/plugins/com.st.stm32cube.ide.mcu.externaltools.gnu-tools-for-stm32.9-2020-q2-update.win32_2.0.0.202105311346/tools/bin/../lib/gcc/arm-none-eabi/9.3.1/thumb/v7e-m+fp/hard/crtn.o
                0x0000000020008000                _estack = (ORIGIN (RAM) + LENGTH (RAM))
                0x0000000000000400                _Min_Heap_Size = 0x400
                0x0000000000000800                _Min_Stack_Size = 0x800

.isr_vector     0x0000000008000000      0x1d8
                0x0000000008000000                . = ALIGN (0x4)
 *(.isr_vector)
 .isr_vector    0x0000000008000000      0x1d8 ./Startup/startup_stm32g431kbtx.o
                0x0000000008000000                g_pfnVectors
                0x00000000080001d8                . = ALIGN (0x4)

.text           0x00000000080001e0     0xf7d0
                0x00000000080001e0                . = ALIGN (0x4)
 *(.text)
 .text          0x00000000080001e0       0x40 c:/st/stm32cubeide_1.5.1/stm32cubeide/plugins/com.st.stm32cube.ide.mcu.externaltools.gnu-tools-for-stm32.9-2020-q2-update.win32_2.0.0.202105311346/tools/bin/../lib/gcc/arm-none-eabi/9.3.1/thumb/v7e-m+fp/hard/crtbegin.o
 .text          0x0000000008000220       0xa0 c:/st/stm32cubeide_1.5.1/stm32cubeide/plugins/com.st.stm32cube.ide.mcu.externaltools.gnu-tools-for-stm32.9-2020-q2-update.win32_2.0.0.202105311346/tools/bin/../lib/gcc/arm-none-eabi/9.3.1/../../../../arm-none-eabi/lib/thumb/v7e-m+fp/hard\libc_nano.a(lib_a-memchr.o)
                0x0000000008000220                memchr
 *(.text*)
 .text.HAL_Init
                0x00000000080002c0       0x30 ./Drivers/STM32G4xx_HAL_Driver/Src/stm32g4xx_hal.o
                0x00000000080002c0                HAL_Init
 .text.HAL_InitTick
                0x00000000080002f0       0x74 ./Drivers/STM32G4xx_HAL_Driver/Src/stm32g4xx_hal.o
                0x00000000080002f0                HAL_InitTick
 .text.HAL_IncTick
                0x0000000008000364       0x24 ./Drivers/STM32G4xx_HAL_Driver/Src/stm32g4xx_hal.o
                0x0000000008000364                HAL_IncTick
 .text.HAL_GetTick
                0x0000000008000388       0x18 ./Drivers/STM32G4xx_HAL_Driver/Src/stm32g4xx_hal.o
                0x0000000008000388                HAL_GetTick
 .text.HAL_Delay
                0x00000000080003a0       0x44 ./Drivers/STM32G4xx_HAL_Driver/Src/stm32g4xx_hal.o
                0x00000000080003a0                HAL_Delay
 .text.__NVIC_SetPriorityGrouping
                0x00000000080003e4       0x48 ./Drivers/STM32G4xx_HAL_Driver/Src/stm32g4xx_hal_cortex.o
 .text.__NVIC_GetPriorityGrouping
                0x000000000800042c       0x1c ./Drivers/STM32G4xx_HAL_Driver/Src/stm32g4xx_hal_cortex.o
 .text.__NVIC_EnableIRQ
                0x0000000008000448       0x3c ./Drivers/STM32G4xx_HAL_Driver/Src/stm32g4xx_hal_cortex.o
 .text.__NVIC_SetPriority
                0x0000000008000484       0x54 ./Drivers/STM32G4xx_HAL_Driver/Src/stm32g4xx_hal_cortex.o
 .text.NVIC_EncodePriority
                0x00000000080004d8       0x66 ./Drivers/STM32G4xx_HAL_Driver/Src/stm32g4xx_hal_cortex.o
 *fill*         0x000000000800053e        0x2 
 .text.SysTick_Config
                0x0000000008000540       0x44 ./Drivers/STM32G4xx_HAL_Driver/Src/stm32g4xx_hal_cortex.o
 .text.HAL_NVIC_SetPriorityGrouping
                0x0000000008000584       0x16 ./Drivers/STM32G4xx_HAL_Driver/Src/stm32g4xx_hal_cortex.o
                0x0000000008000584                HAL_NVIC_SetPriorityGrouping
 .text.HAL_NVIC_SetPriority
                0x000000000800059a       0x34 ./Drivers/STM32G4xx_HAL_Driver/Src/stm32g4xx_hal_cortex.o
                0x000000000800059a                HAL_NVIC_SetPriority
 .text.HAL_NVIC_EnableIRQ
                0x00000000080005ce       0x1c ./Drivers/STM32G4xx_HAL_Driver/Src/stm32g4xx_hal_cortex.o
                0x00000000080005ce                HAL_NVIC_EnableIRQ
 .text.HAL_SYSTICK_Config
                0x00000000080005ea       0x18 ./Drivers/STM32G4xx_HAL_Driver/Src/stm32g4xx_hal_cortex.o
                0x00000000080005ea                HAL_SYSTICK_Config
 *fill*         0x0000000008000602        0x2 
 .text.HAL_GPIO_Init
                0x0000000008000604      0x304 ./Drivers/STM32G4xx_HAL_Driver/Src/stm32g4xx_hal_gpio.o
                0x0000000008000604                HAL_GPIO_Init
 .text.HAL_GPIO_ReadPin
                0x0000000008000908       0x30 ./Drivers/STM32G4xx_HAL_Driver/Src/stm32g4xx_hal_gpio.o
                0x0000000008000908                HAL_GPIO_ReadPin
 .text.HAL_GPIO_WritePin
                0x0000000008000938       0x30 ./Drivers/STM32G4xx_HAL_Driver/Src/stm32g4xx_hal_gpio.o
                0x0000000008000938                HAL_GPIO_WritePin
 .text.HAL_GPIO_TogglePin
                0x0000000008000968       0x34 ./Drivers/STM32G4xx_HAL_Driver/Src/stm32g4xx_hal_gpio.o
                0x0000000008000968                HAL_GPIO_TogglePin
 .text.HAL_GPIO_EXTI_IRQHandler
                0x000000000800099c       0x30 ./Drivers/STM32G4xx_HAL_Driver/Src/stm32g4xx_hal_gpio.o
                0x000000000800099c                HAL_GPIO_EXTI_IRQHandler
 .text.HAL_I2C_Init
                0x00000000080009cc      0x11e ./Drivers/STM32G4xx_HAL_Driver/Src/stm32g4xx_hal_i2c.o
                0x00000000080009cc                HAL_I2C_Init
 *fill*         0x0000000008000aea        0x2 
 .text.HAL_I2C_Master_Transmit
                0x0000000008000aec      0x1e8 ./Drivers/STM32G4xx_HAL_Driver/Src/stm32g4xx_hal_i2c.o
                0x0000000008000aec                HAL_I2C_Master_Transmit
 .text.HAL_I2C_Master_Receive
                0x0000000008000cd4      0x1ec ./Drivers/STM32G4xx_HAL_Driver/Src/stm32g4xx_hal_i2c.o
                0x0000000008000cd4                HAL_I2C_Master_Receive
 .text.I2C_Flush_TXDR
                0x0000000008000ec0       0x48 ./Drivers/STM32G4xx_HAL_Driver/Src/stm32g4xx_hal_i2c.o
 .text.I2C_WaitOnFlagUntilTimeout
                0x0000000008000f08       0x80 ./Drivers/STM32G4xx_HAL_Driver/Src/stm32g4xx_hal_i2c.o
 .text.I2C_WaitOnTXISFlagUntilTimeout
                0x0000000008000f88       0x80 ./Drivers/STM32G4xx_HAL_Driver/Src/stm32g4xx_hal_i2c.o
 .text.I2C_WaitOnSTOPFlagUntilTimeout
                0x0000000008001008       0x78 ./Drivers/STM32G4xx_HAL_Driver/Src/stm32g4xx_hal_i2c.o
 .text.I2C_WaitOnRXNEFlagUntilTimeout
                0x0000000008001080       0xf4 ./Drivers/STM32G4xx_HAL_Driver/Src/stm32g4xx_hal_i2c.o
 .text.I2C_IsErrorOccurred
                0x0000000008001174      0x1d8 ./Drivers/STM32G4xx_HAL_Driver/Src/stm32g4xx_hal_i2c.o
 .text.I2C_TransferConfig
                0x000000000800134c       0x64 ./Drivers/STM32G4xx_HAL_Driver/Src/stm32g4xx_hal_i2c.o
 .text.HAL_I2CEx_ConfigAnalogFilter
                0x00000000080013b0       0x96 ./Drivers/STM32G4xx_HAL_Driver/Src/stm32g4xx_hal_i2c_ex.o
                0x00000000080013b0                HAL_I2CEx_ConfigAnalogFilter
 .text.HAL_I2CEx_ConfigDigitalFilter
                0x0000000008001446       0x98 ./Drivers/STM32G4xx_HAL_Driver/Src/stm32g4xx_hal_i2c_ex.o
                0x0000000008001446                HAL_I2CEx_ConfigDigitalFilter
 .text.HAL_PCD_Init
                0x00000000080014de      0x1ca ./Drivers/STM32G4xx_HAL_Driver/Src/stm32g4xx_hal_pcd.o
                0x00000000080014de                HAL_PCD_Init
 .text.HAL_PCD_Start
                0x00000000080016a8       0x44 ./Drivers/STM32G4xx_HAL_Driver/Src/stm32g4xx_hal_pcd.o
                0x00000000080016a8                HAL_PCD_Start
 .text.HAL_PCD_IRQHandler
                0x00000000080016ec      0x24e ./Drivers/STM32G4xx_HAL_Driver/Src/stm32g4xx_hal_pcd.o
                0x00000000080016ec                HAL_PCD_IRQHandler
 .text.HAL_PCD_SetAddress
                0x000000000800193a       0x4a ./Drivers/STM32G4xx_HAL_Driver/Src/stm32g4xx_hal_pcd.o
                0x000000000800193a                HAL_PCD_SetAddress
 .text.HAL_PCD_EP_Open
                0x0000000008001984       0xcc ./Drivers/STM32G4xx_HAL_Driver/Src/stm32g4xx_hal_pcd.o
                0x0000000008001984                HAL_PCD_EP_Open
 .text.HAL_PCD_EP_Close
                0x0000000008001a50       0x90 ./Drivers/STM32G4xx_HAL_Driver/Src/stm32g4xx_hal_pcd.o
                0x0000000008001a50                HAL_PCD_EP_Close
 .text.HAL_PCD_EP_Receive
                0x0000000008001ae0       0x7a ./Drivers/STM32G4xx_HAL_Driver/Src/stm32g4xx_hal_pcd.o
                0x0000000008001ae0                HAL_PCD_EP_Receive
 .text.HAL_PCD_EP_GetRxCount
                0x0000000008001b5a       0x30 ./Drivers/STM32G4xx_HAL_Driver/Src/stm32g4xx_hal_pcd.o
                0x0000000008001b5a                HAL_PCD_EP_GetRxCount
 .text.HAL_PCD_EP_Transmit
                0x0000000008001b8a       0x86 ./Drivers/STM32G4xx_HAL_Driver/Src/stm32g4xx_hal_pcd.o
                0x0000000008001b8a                HAL_PCD_EP_Transmit
 .text.HAL_PCD_EP_SetStall
                0x0000000008001c10       0xa4 ./Drivers/STM32G4xx_HAL_Driver/Src/stm32g4xx_hal_pcd.o
                0x0000000008001c10                HAL_PCD_EP_SetStall
 .text.HAL_PCD_EP_ClrStall
                0x0000000008001cb4       0xa8 ./Drivers/STM32G4xx_HAL_Driver/Src/stm32g4xx_hal_pcd.o
                0x0000000008001cb4                HAL_PCD_EP_ClrStall
 .text.PCD_EP_ISR_Handler
                0x0000000008001d5c      0x760 ./Drivers/STM32G4xx_HAL_Driver/Src/stm32g4xx_hal_pcd.o
 .text.HAL_PCD_EP_DB_Receive
                0x00000000080024bc      0x212 ./Drivers/STM32G4xx_HAL_Driver/Src/stm32g4xx_hal_pcd.o
 .text.HAL_PCD_EP_DB_Transmit
                0x00000000080026ce      0x79c ./Drivers/STM32G4xx_HAL_Driver/Src/stm32g4xx_hal_pcd.o
 .text.HAL_PCDEx_PMAConfig
                0x0000000008002e6a       0x86 ./Drivers/STM32G4xx_HAL_Driver/Src/stm32g4xx_hal_pcd_ex.o
                0x0000000008002e6a                HAL_PCDEx_PMAConfig
 .text.HAL_PCDEx_ActivateLPM
                0x0000000008002ef0       0x54 ./Drivers/STM32G4xx_HAL_Driver/Src/stm32g4xx_hal_pcd_ex.o
                0x0000000008002ef0                HAL_PCDEx_ActivateLPM
 .text.HAL_PWREx_ControlVoltageScaling
                0x0000000008002f44      0x148 ./Drivers/STM32G4xx_HAL_Driver/Src/stm32g4xx_hal_pwr_ex.o
                0x0000000008002f44                HAL_PWREx_ControlVoltageScaling
 .text.HAL_PWREx_DisableUCPDDeadBattery
                0x000000000800308c       0x20 ./Drivers/STM32G4xx_HAL_Driver/Src/stm32g4xx_hal_pwr_ex.o
                0x000000000800308c                HAL_PWREx_DisableUCPDDeadBattery
 .text.HAL_RCC_OscConfig
                0x00000000080030ac      0x630 ./Drivers/STM32G4xx_HAL_Driver/Src/stm32g4xx_hal_rcc.o
                0x00000000080030ac                HAL_RCC_OscConfig
 .text.HAL_RCC_ClockConfig
                0x00000000080036dc      0x278 ./Drivers/STM32G4xx_HAL_Driver/Src/stm32g4xx_hal_rcc.o
                0x00000000080036dc                HAL_RCC_ClockConfig
 .text.HAL_RCC_GetSysClockFreq
                0x0000000008003954       0xc4 ./Drivers/STM32G4xx_HAL_Driver/Src/stm32g4xx_hal_rcc.o
                0x0000000008003954                HAL_RCC_GetSysClockFreq
 .text.RCC_GetSysClockFreqFromPLLSource
                0x0000000008003a18       0x8c ./Drivers/STM32G4xx_HAL_Driver/Src/stm32g4xx_hal_rcc.o
 .text.HAL_RCCEx_PeriphCLKConfig
                0x0000000008003aa4      0x3e0 ./Drivers/STM32G4xx_HAL_Driver/Src/stm32g4xx_hal_rcc_ex.o
                0x0000000008003aa4                HAL_RCCEx_PeriphCLKConfig
 .text.HAL_SPI_Init
                0x0000000008003e84      0x156 ./Drivers/STM32G4xx_HAL_Driver/Src/stm32g4xx_hal_spi.o
                0x0000000008003e84                HAL_SPI_Init
 .text.HAL_SPI_TransmitReceive
                0x0000000008003fda      0x426 ./Drivers/STM32G4xx_HAL_Driver/Src/stm32g4xx_hal_spi.o
                0x0000000008003fda                HAL_SPI_TransmitReceive
 .text.SPI_WaitFlagStateUntilTimeout
                0x0000000008004400      0x110 ./Drivers/STM32G4xx_HAL_Driver/Src/stm32g4xx_hal_spi.o
 .text.SPI_WaitFifoStateUntilTimeout
                0x0000000008004510      0x12c ./Drivers/STM32G4xx_HAL_Driver/Src/stm32g4xx_hal_spi.o
 .text.SPI_EndRxTxTransaction
                0x000000000800463c       0x8c ./Drivers/STM32G4xx_HAL_Driver/Src/stm32g4xx_hal_spi.o
 .text.HAL_TIM_Base_Init
                0x00000000080046c8       0xae ./Drivers/STM32G4xx_HAL_Driver/Src/stm32g4xx_hal_tim.o
                0x00000000080046c8                HAL_TIM_Base_Init
 *fill*         0x0000000008004776        0x2 
 .text.HAL_TIM_Base_Start
                0x0000000008004778       0xc4 ./Drivers/STM32G4xx_HAL_Driver/Src/stm32g4xx_hal_tim.o
                0x0000000008004778                HAL_TIM_Base_Start
 .text.HAL_TIM_Base_Stop
                0x000000000800483c       0x4e ./Drivers/STM32G4xx_HAL_Driver/Src/stm32g4xx_hal_tim.o
                0x000000000800483c                HAL_TIM_Base_Stop
 *fill*         0x000000000800488a        0x2 
 .text.TIM_Base_SetConfig
                0x000000000800488c      0x120 ./Drivers/STM32G4xx_HAL_Driver/Src/stm32g4xx_hal_tim.o
                0x000000000800488c                TIM_Base_SetConfig
 .text.HAL_TIMEx_MasterConfigSynchronization
                0x00000000080049ac      0x104 ./Drivers/STM32G4xx_HAL_Driver/Src/stm32g4xx_hal_tim_ex.o
                0x00000000080049ac                HAL_TIMEx_MasterConfigSynchronization
 .text.USB_EnableGlobalInt
                0x0000000008004ab0       0x2e ./Drivers/STM32G4xx_HAL_Driver/Src/stm32g4xx_ll_usb.o
                0x0000000008004ab0                USB_EnableGlobalInt
 .text.USB_DisableGlobalInt
                0x0000000008004ade       0x36 ./Drivers/STM32G4xx_HAL_Driver/Src/stm32g4xx_ll_usb.o
                0x0000000008004ade                USB_DisableGlobalInt
 .text.USB_DevInit
                0x0000000008004b14       0x42 ./Drivers/STM32G4xx_HAL_Driver/Src/stm32g4xx_ll_usb.o
                0x0000000008004b14                USB_DevInit
 *fill*         0x0000000008004b56        0x2 
 .text.USB_ActivateEndpoint
                0x0000000008004b58      0x728 ./Drivers/STM32G4xx_HAL_Driver/Src/stm32g4xx_ll_usb.o
                0x0000000008004b58                USB_ActivateEndpoint
 .text.USB_DeactivateEndpoint
                0x0000000008005280      0x3da ./Drivers/STM32G4xx_HAL_Driver/Src/stm32g4xx_ll_usb.o
                0x0000000008005280                USB_DeactivateEndpoint
 .text.USB_EPStartXfer
                0x000000000800565a     0x11a4 ./Drivers/STM32G4xx_HAL_Driver/Src/stm32g4xx_ll_usb.o
                0x000000000800565a                USB_EPStartXfer
 .text.USB_EPSetStall
                0x00000000080067fe       0xa2 ./Drivers/STM32G4xx_HAL_Driver/Src/stm32g4xx_ll_usb.o
                0x00000000080067fe                USB_EPSetStall
 .text.USB_EPClearStall
                0x00000000080068a0      0x15c ./Drivers/STM32G4xx_HAL_Driver/Src/stm32g4xx_ll_usb.o
                0x00000000080068a0                USB_EPClearStall
 .text.USB_SetDevAddress
                0x00000000080069fc       0x28 ./Drivers/STM32G4xx_HAL_Driver/Src/stm32g4xx_ll_usb.o
                0x00000000080069fc                USB_SetDevAddress
 .text.USB_DevConnect
                0x0000000008006a24       0x2e ./Drivers/STM32G4xx_HAL_Driver/Src/stm32g4xx_ll_usb.o
                0x0000000008006a24                USB_DevConnect
 .text.USB_ReadInterrupts
                0x0000000008006a52       0x20 ./Drivers/STM32G4xx_HAL_Driver/Src/stm32g4xx_ll_usb.o
                0x0000000008006a52                USB_ReadInterrupts
 .text.USB_WritePMA
                0x0000000008006a72       0x84 ./Drivers/STM32G4xx_HAL_Driver/Src/stm32g4xx_ll_usb.o
                0x0000000008006a72                USB_WritePMA
 .text.USB_ReadPMA
                0x0000000008006af6       0x98 ./Drivers/STM32G4xx_HAL_Driver/Src/stm32g4xx_ll_usb.o
                0x0000000008006af6                USB_ReadPMA
 .text.VL53L0X_GetOffsetCalibrationDataMicroMeter
                0x0000000008006b8e       0x26 ./Drivers/VL53L0X/core/src/vl53l0x_api.o
                0x0000000008006b8e                VL53L0X_GetOffsetCalibrationDataMicroMeter
 .text.VL53L0X_DataInit
                0x0000000008006bb4      0x30c ./Drivers/VL53L0X/core/src/vl53l0x_api.o
                0x0000000008006bb4                VL53L0X_DataInit
 .text.VL53L0X_StaticInit
                0x0000000008006ec0      0x308 ./Drivers/VL53L0X/core/src/vl53l0x_api.o
                0x0000000008006ec0                VL53L0X_StaticInit
 .text.VL53L0X_GetDeviceParameters
                0x00000000080071c8      0x16a ./Drivers/VL53L0X/core/src/vl53l0x_api.o
                0x00000000080071c8                VL53L0X_GetDeviceParameters
 *fill*         0x0000000008007332        0x2 
 .text.VL53L0X_SetDeviceMode
                0x0000000008007334       0x58 ./Drivers/VL53L0X/core/src/vl53l0x_api.o
                0x0000000008007334                VL53L0X_SetDeviceMode
 .text.VL53L0X_GetDeviceMode
                0x000000000800738c       0x26 ./Drivers/VL53L0X/core/src/vl53l0x_api.o
                0x000000000800738c                VL53L0X_GetDeviceMode
 .text.VL53L0X_GetFractionEnable
                0x00000000080073b2       0x3e ./Drivers/VL53L0X/core/src/vl53l0x_api.o
                0x00000000080073b2                VL53L0X_GetFractionEnable
 .text.VL53L0X_SetMeasurementTimingBudgetMicroSeconds
                0x00000000080073f0       0x26 ./Drivers/VL53L0X/core/src/vl53l0x_api.o
                0x00000000080073f0                VL53L0X_SetMeasurementTimingBudgetMicroSeconds
 .text.VL53L0X_GetMeasurementTimingBudgetMicroSeconds
                0x0000000008007416       0x26 ./Drivers/VL53L0X/core/src/vl53l0x_api.o
                0x0000000008007416                VL53L0X_GetMeasurementTimingBudgetMicroSeconds
 .text.VL53L0X_GetVcselPulsePeriod
                0x000000000800743c       0x2e ./Drivers/VL53L0X/core/src/vl53l0x_api.o
                0x000000000800743c                VL53L0X_GetVcselPulsePeriod
 *fill*         0x000000000800746a        0x2 
 .text.VL53L0X_SetSequenceStepEnable
                0x000000000800746c      0x144 ./Drivers/VL53L0X/core/src/vl53l0x_api.o
                0x000000000800746c                VL53L0X_SetSequenceStepEnable
 .text.sequence_step_enabled
                0x00000000080075b0       0xa4 ./Drivers/VL53L0X/core/src/vl53l0x_api.o
                0x00000000080075b0                sequence_step_enabled
 .text.VL53L0X_GetSequenceStepEnables
                0x0000000008007654       0xb0 ./Drivers/VL53L0X/core/src/vl53l0x_api.o
                0x0000000008007654                VL53L0X_GetSequenceStepEnables
 .text.VL53L0X_GetInterMeasurementPeriodMilliSeconds
                0x0000000008007704       0x68 ./Drivers/VL53L0X/core/src/vl53l0x_api.o
                0x0000000008007704                VL53L0X_GetInterMeasurementPeriodMilliSeconds
 .text.VL53L0X_GetXTalkCompensationEnable
                0x000000000800776c       0x2a ./Drivers/VL53L0X/core/src/vl53l0x_api.o
                0x000000000800776c                VL53L0X_GetXTalkCompensationEnable
 .text.VL53L0X_GetXTalkCompensationRateMegaCps
                0x0000000008007796       0x66 ./Drivers/VL53L0X/core/src/vl53l0x_api.o
                0x0000000008007796                VL53L0X_GetXTalkCompensationRateMegaCps
 .text.VL53L0X_SetLimitCheckEnable
                0x00000000080077fc      0x118 ./Drivers/VL53L0X/core/src/vl53l0x_api.o
                0x00000000080077fc                VL53L0X_SetLimitCheckEnable
 .text.VL53L0X_GetLimitCheckEnable
                0x0000000008007914       0x46 ./Drivers/VL53L0X/core/src/vl53l0x_api.o
                0x0000000008007914                VL53L0X_GetLimitCheckEnable
 *fill*         0x000000000800795a        0x2 
 .text.VL53L0X_SetLimitCheckValue
                0x000000000800795c       0xc4 ./Drivers/VL53L0X/core/src/vl53l0x_api.o
                0x000000000800795c                VL53L0X_SetLimitCheckValue
 .text.VL53L0X_GetLimitCheckValue
                0x0000000008007a20      0x11c ./Drivers/VL53L0X/core/src/vl53l0x_api.o
                0x0000000008007a20                VL53L0X_GetLimitCheckValue
 .text.VL53L0X_GetWrapAroundCheckEnable
                0x0000000008007b3c       0x64 ./Drivers/VL53L0X/core/src/vl53l0x_api.o
                0x0000000008007b3c                VL53L0X_GetWrapAroundCheckEnable
 .text.VL53L0X_PerformSingleMeasurement
                0x0000000008007ba0       0x68 ./Drivers/VL53L0X/core/src/vl53l0x_api.o
                0x0000000008007ba0                VL53L0X_PerformSingleMeasurement
 .text.VL53L0X_PerformRefCalibration
                0x0000000008007c08       0x2c ./Drivers/VL53L0X/core/src/vl53l0x_api.o
                0x0000000008007c08                VL53L0X_PerformRefCalibration
 .text.VL53L0X_CheckAndLoadInterruptSettings
                0x0000000008007c34      0x1e4 ./Drivers/VL53L0X/core/src/vl53l0x_api.o
                0x0000000008007c34                VL53L0X_CheckAndLoadInterruptSettings
 .text.VL53L0X_StartMeasurement
                0x0000000008007e18      0x184 ./Drivers/VL53L0X/core/src/vl53l0x_api.o
                0x0000000008007e18                VL53L0X_StartMeasurement
 .text.VL53L0X_GetMeasurementDataReady
                0x0000000008007f9c       0x80 ./Drivers/VL53L0X/core/src/vl53l0x_api.o
                0x0000000008007f9c                VL53L0X_GetMeasurementDataReady
 .text.VL53L0X_GetRangingMeasurementData
                0x000000000800801c      0x248 ./Drivers/VL53L0X/core/src/vl53l0x_api.o
                0x000000000800801c                VL53L0X_GetRangingMeasurementData
 .text.VL53L0X_PerformSingleRangingMeasurement
                0x0000000008008264       0x60 ./Drivers/VL53L0X/core/src/vl53l0x_api.o
                0x0000000008008264                VL53L0X_PerformSingleRangingMeasurement
 .text.VL53L0X_SetGpioConfig
                0x00000000080082c4      0x248 ./Drivers/VL53L0X/core/src/vl53l0x_api.o
                0x00000000080082c4                VL53L0X_SetGpioConfig
 .text.VL53L0X_GetInterruptThresholds
                0x000000000800850c       0x6c ./Drivers/VL53L0X/core/src/vl53l0x_api.o
                0x000000000800850c                VL53L0X_GetInterruptThresholds
 .text.VL53L0X_ClearInterruptMask
                0x0000000008008578       0x80 ./Drivers/VL53L0X/core/src/vl53l0x_api.o
                0x0000000008008578                VL53L0X_ClearInterruptMask
 .text.VL53L0X_GetInterruptMaskStatus
                0x00000000080085f8       0x44 ./Drivers/VL53L0X/core/src/vl53l0x_api.o
                0x00000000080085f8                VL53L0X_GetInterruptMaskStatus
 .text.VL53L0X_PerformRefSpadManagement
                0x000000000800863c       0x2a ./Drivers/VL53L0X/core/src/vl53l0x_api.o
                0x000000000800863c                VL53L0X_PerformRefSpadManagement
 .text.VL53L0X_get_offset_calibration_data_micro_meter
                0x0000000008008666       0x7e ./Drivers/VL53L0X/core/src/vl53l0x_api_calibration.o
                0x0000000008008666                VL53L0X_get_offset_calibration_data_micro_meter
 .text.get_next_good_spad
                0x00000000080086e4       0xbc ./Drivers/VL53L0X/core/src/vl53l0x_api_calibration.o
                0x00000000080086e4                get_next_good_spad
 .text.is_aperture
                0x00000000080087a0       0x34 ./Drivers/VL53L0X/core/src/vl53l0x_api_calibration.o
                0x00000000080087a0                is_aperture
 .text.enable_spad_bit
                0x00000000080087d4       0x70 ./Drivers/VL53L0X/core/src/vl53l0x_api_calibration.o
                0x00000000080087d4                enable_spad_bit
 .text.set_ref_spad_map
                0x0000000008008844       0x26 ./Drivers/VL53L0X/core/src/vl53l0x_api_calibration.o
                0x0000000008008844                set_ref_spad_map
 .text.get_ref_spad_map
                0x000000000800886a       0x26 ./Drivers/VL53L0X/core/src/vl53l0x_api_calibration.o
                0x000000000800886a                get_ref_spad_map
 .text.enable_ref_spads
                0x0000000008008890       0xf8 ./Drivers/VL53L0X/core/src/vl53l0x_api_calibration.o
                0x0000000008008890                enable_ref_spads
 .text.perform_ref_signal_measurement
                0x0000000008008988       0xd4 ./Drivers/VL53L0X/core/src/vl53l0x_api_calibration.o
                0x0000000008008988                perform_ref_signal_measurement
 .text.VL53L0X_perform_ref_spad_management
                0x0000000008008a5c      0x418 ./Drivers/VL53L0X/core/src/vl53l0x_api_calibration.o
                0x0000000008008a5c                VL53L0X_perform_ref_spad_management
 .text.VL53L0X_set_reference_spads
                0x0000000008008e74      0x14a ./Drivers/VL53L0X/core/src/vl53l0x_api_calibration.o
                0x0000000008008e74                VL53L0X_set_reference_spads
 .text.VL53L0X_perform_single_ref_calibration
                0x0000000008008fbe       0x76 ./Drivers/VL53L0X/core/src/vl53l0x_api_calibration.o
                0x0000000008008fbe                VL53L0X_perform_single_ref_calibration
 .text.VL53L0X_ref_calibration_io
                0x0000000008009034      0x132 ./Drivers/VL53L0X/core/src/vl53l0x_api_calibration.o
                0x0000000008009034                VL53L0X_ref_calibration_io
 .text.VL53L0X_perform_vhv_calibration
                0x0000000008009166       0xce ./Drivers/VL53L0X/core/src/vl53l0x_api_calibration.o
                0x0000000008009166                VL53L0X_perform_vhv_calibration
 .text.VL53L0X_perform_phase_calibration
                0x0000000008009234       0xca ./Drivers/VL53L0X/core/src/vl53l0x_api_calibration.o
                0x0000000008009234                VL53L0X_perform_phase_calibration
 .text.VL53L0X_perform_ref_calibration
                0x00000000080092fe       0x7a ./Drivers/VL53L0X/core/src/vl53l0x_api_calibration.o
                0x00000000080092fe                VL53L0X_perform_ref_calibration
 .text.VL53L0X_measurement_poll_for_completion
                0x0000000008009378       0x60 ./Drivers/VL53L0X/core/src/vl53l0x_api_core.o
                0x0000000008009378                VL53L0X_measurement_poll_for_completion
 .text.VL53L0X_decode_vcsel_period
                0x00000000080093d8       0x26 ./Drivers/VL53L0X/core/src/vl53l0x_api_core.o
                0x00000000080093d8                VL53L0X_decode_vcsel_period
 .text.VL53L0X_isqrt
                0x00000000080093fe       0x68 ./Drivers/VL53L0X/core/src/vl53l0x_api_core.o
                0x00000000080093fe                VL53L0X_isqrt
 .text.VL53L0X_device_read_strobe
                0x0000000008009466       0x86 ./Drivers/VL53L0X/core/src/vl53l0x_api_core.o
                0x0000000008009466                VL53L0X_device_read_strobe
 .text.VL53L0X_get_info_from_device
                0x00000000080094ec      0x99c ./Drivers/VL53L0X/core/src/vl53l0x_api_core.o
                0x00000000080094ec                VL53L0X_get_info_from_device
 .text.VL53L0X_calc_macro_period_ps
                0x0000000008009e88       0x3c ./Drivers/VL53L0X/core/src/vl53l0x_api_core.o
                0x0000000008009e88                VL53L0X_calc_macro_period_ps
 .text.VL53L0X_encode_timeout
                0x0000000008009ec4       0x58 ./Drivers/VL53L0X/core/src/vl53l0x_api_core.o
                0x0000000008009ec4                VL53L0X_encode_timeout
 .text.VL53L0X_decode_timeout
                0x0000000008009f1c       0x2c ./Drivers/VL53L0X/core/src/vl53l0x_api_core.o
                0x0000000008009f1c                VL53L0X_decode_timeout
 .text.VL53L0X_calc_timeout_mclks
                0x0000000008009f48       0x54 ./Drivers/VL53L0X/core/src/vl53l0x_api_core.o
                0x0000000008009f48                VL53L0X_calc_timeout_mclks
 .text.VL53L0X_calc_timeout_us
                0x0000000008009f9c       0x54 ./Drivers/VL53L0X/core/src/vl53l0x_api_core.o
                0x0000000008009f9c                VL53L0X_calc_timeout_us
 .text.get_sequence_step_timeout
                0x0000000008009ff0      0x1c2 ./Drivers/VL53L0X/core/src/vl53l0x_api_core.o
                0x0000000008009ff0                get_sequence_step_timeout
 .text.set_sequence_step_timeout
                0x000000000800a1b2      0x1e4 ./Drivers/VL53L0X/core/src/vl53l0x_api_core.o
                0x000000000800a1b2                set_sequence_step_timeout
 .text.VL53L0X_get_vcsel_pulse_period
                0x000000000800a396       0x6e ./Drivers/VL53L0X/core/src/vl53l0x_api_core.o
                0x000000000800a396                VL53L0X_get_vcsel_pulse_period
 .text.VL53L0X_set_measurement_timing_budget_micro_seconds
                0x000000000800a404      0x1a6 ./Drivers/VL53L0X/core/src/vl53l0x_api_core.o
                0x000000000800a404                VL53L0X_set_measurement_timing_budget_micro_seconds
 .text.VL53L0X_get_measurement_timing_budget_micro_seconds
                0x000000000800a5aa      0x162 ./Drivers/VL53L0X/core/src/vl53l0x_api_core.o
                0x000000000800a5aa                VL53L0X_get_measurement_timing_budget_micro_seconds
 .text.VL53L0X_load_tuning_settings
                0x000000000800a70c      0x1c4 ./Drivers/VL53L0X/core/src/vl53l0x_api_core.o
                0x000000000800a70c                VL53L0X_load_tuning_settings
 .text.VL53L0X_get_total_xtalk_rate
                0x000000000800a8d0       0x5e ./Drivers/VL53L0X/core/src/vl53l0x_api_core.o
                0x000000000800a8d0                VL53L0X_get_total_xtalk_rate
 .text.VL53L0X_get_total_signal_rate
                0x000000000800a92e       0x4a ./Drivers/VL53L0X/core/src/vl53l0x_api_core.o
                0x000000000800a92e                VL53L0X_get_total_signal_rate
 .text.get_dmax_lut_points
                0x000000000800a978       0x8e ./Drivers/VL53L0X/core/src/vl53l0x_api_core.o
                0x000000000800a978                get_dmax_lut_points
 .text.VL53L0X_calc_dmax
                0x000000000800aa06      0x156 ./Drivers/VL53L0X/core/src/vl53l0x_api_core.o
                0x000000000800aa06                VL53L0X_calc_dmax
 .text.VL53L0X_calc_sigma_estimate
                0x000000000800ab5c      0x45c ./Drivers/VL53L0X/core/src/vl53l0x_api_core.o
                0x000000000800ab5c                VL53L0X_calc_sigma_estimate
 .text.VL53L0X_get_pal_range_status
                0x000000000800afb8      0x3c4 ./Drivers/VL53L0X/core/src/vl53l0x_api_core.o
                0x000000000800afb8                VL53L0X_get_pal_range_status
 .text._I2CWrite
                0x000000000800b37c       0x3e ./Drivers/VL53L0X/platform/src/vl53l0x_platform.o
                0x000000000800b37c                _I2CWrite
 .text._I2CRead
                0x000000000800b3ba       0x44 ./Drivers/VL53L0X/platform/src/vl53l0x_platform.o
                0x000000000800b3ba                _I2CRead
 *fill*         0x000000000800b3fe        0x2 
 .text.VL53L0X_WriteMulti
                0x000000000800b400       0x60 ./Drivers/VL53L0X/platform/src/vl53l0x_platform.o
                0x000000000800b400                VL53L0X_WriteMulti
 .text.VL53L0X_ReadMulti
                0x000000000800b460       0x56 ./Drivers/VL53L0X/platform/src/vl53l0x_platform.o
                0x000000000800b460                VL53L0X_ReadMulti
 *fill*         0x000000000800b4b6        0x2 
 .text.VL53L0X_WrByte
                0x000000000800b4b8       0x48 ./Drivers/VL53L0X/platform/src/vl53l0x_platform.o
                0x000000000800b4b8                VL53L0X_WrByte
 .text.VL53L0X_WrWord
                0x000000000800b500       0x54 ./Drivers/VL53L0X/platform/src/vl53l0x_platform.o
                0x000000000800b500                VL53L0X_WrWord
 .text.VL53L0X_UpdateByte
                0x000000000800b554       0x68 ./Drivers/VL53L0X/platform/src/vl53l0x_platform.o
                0x000000000800b554                VL53L0X_UpdateByte
 .text.VL53L0X_RdByte
                0x000000000800b5bc       0x54 ./Drivers/VL53L0X/platform/src/vl53l0x_platform.o
                0x000000000800b5bc                VL53L0X_RdByte
 .text.VL53L0X_RdWord
                0x000000000800b610       0x70 ./Drivers/VL53L0X/platform/src/vl53l0x_platform.o
                0x000000000800b610                VL53L0X_RdWord
 .text.VL53L0X_RdDWord
                0x000000000800b680       0x78 ./Drivers/VL53L0X/platform/src/vl53l0x_platform.o
                0x000000000800b680                VL53L0X_RdDWord
 .text.VL53L0X_PollingDelay
                0x000000000800b6f8       0x1e ./Drivers/VL53L0X/platform/src/vl53l0x_platform.o
                0x000000000800b6f8                VL53L0X_PollingDelay
 .text.USBD_CDC_Init
                0x000000000800b716       0xfe ./Middlewares/ST/STM32_USB_Device_Library/Class/CDC/Src/usbd_cdc.o
 .text.USBD_CDC_DeInit
                0x000000000800b814       0x74 ./Middlewares/ST/STM32_USB_Device_Library/Class/CDC/Src/usbd_cdc.o
 .text.USBD_CDC_Setup
                0x000000000800b888      0x190 ./Middlewares/ST/STM32_USB_Device_Library/Class/CDC/Src/usbd_cdc.o
 .text.USBD_CDC_DataIn
                0x000000000800ba18       0xca ./Middlewares/ST/STM32_USB_Device_Library/Class/CDC/Src/usbd_cdc.o
 .text.USBD_CDC_DataOut
                0x000000000800bae2       0x56 ./Middlewares/ST/STM32_USB_Device_Library/Class/CDC/Src/usbd_cdc.o
 .text.USBD_CDC_EP0_RxReady
                0x000000000800bb38       0x5a ./Middlewares/ST/STM32_USB_Device_Library/Class/CDC/Src/usbd_cdc.o
 *fill*         0x000000000800bb92        0x2 
 .text.USBD_CDC_GetFSCfgDesc
                0x000000000800bb94       0x20 ./Middlewares/ST/STM32_USB_Device_Library/Class/CDC/Src/usbd_cdc.o
 .text.USBD_CDC_GetHSCfgDesc
                0x000000000800bbb4       0x20 ./Middlewares/ST/STM32_USB_Device_Library/Class/CDC/Src/usbd_cdc.o
 .text.USBD_CDC_GetOtherSpeedCfgDesc
                0x000000000800bbd4       0x20 ./Middlewares/ST/STM32_USB_Device_Library/Class/CDC/Src/usbd_cdc.o
 .text.USBD_CDC_GetDeviceQualifierDescriptor
                0x000000000800bbf4       0x20 ./Middlewares/ST/STM32_USB_Device_Library/Class/CDC/Src/usbd_cdc.o
                0x000000000800bbf4                USBD_CDC_GetDeviceQualifierDescriptor
 .text.USBD_CDC_RegisterInterface
                0x000000000800bc14       0x2a ./Middlewares/ST/STM32_USB_Device_Library/Class/CDC/Src/usbd_cdc.o
                0x000000000800bc14                USBD_CDC_RegisterInterface
 .text.USBD_CDC_SetTxBuffer
                0x000000000800bc3e       0x3c ./Middlewares/ST/STM32_USB_Device_Library/Class/CDC/Src/usbd_cdc.o
                0x000000000800bc3e                USBD_CDC_SetTxBuffer
 .text.USBD_CDC_SetRxBuffer
                0x000000000800bc7a       0x32 ./Middlewares/ST/STM32_USB_Device_Library/Class/CDC/Src/usbd_cdc.o
                0x000000000800bc7a                USBD_CDC_SetRxBuffer
 .text.USBD_CDC_TransmitPacket
                0x000000000800bcac       0x60 ./Middlewares/ST/STM32_USB_Device_Library/Class/CDC/Src/usbd_cdc.o
                0x000000000800bcac                USBD_CDC_TransmitPacket
 .text.USBD_CDC_ReceivePacket
                0x000000000800bd0c       0x54 ./Middlewares/ST/STM32_USB_Device_Library/Class/CDC/Src/usbd_cdc.o
                0x000000000800bd0c                USBD_CDC_ReceivePacket
 .text.USBD_Init
                0x000000000800bd60       0x60 ./Middlewares/ST/STM32_USB_Device_Library/Core/Src/usbd_core.o
                0x000000000800bd60                USBD_Init
 .text.USBD_RegisterClass
                0x000000000800bdc0       0x4e ./Middlewares/ST/STM32_USB_Device_Library/Core/Src/usbd_core.o
                0x000000000800bdc0                USBD_RegisterClass
 .text.USBD_Start
                0x000000000800be0e       0x18 ./Middlewares/ST/STM32_USB_Device_Library/Core/Src/usbd_core.o
                0x000000000800be0e                USBD_Start
 .text.USBD_RunTestMode
                0x000000000800be26       0x16 ./Middlewares/ST/STM32_USB_Device_Library/Core/Src/usbd_core.o
                0x000000000800be26                USBD_RunTestMode
 .text.USBD_SetClassConfig
                0x000000000800be3c       0x38 ./Middlewares/ST/STM32_USB_Device_Library/Core/Src/usbd_core.o
                0x000000000800be3c                USBD_SetClassConfig
 .text.USBD_ClrClassConfig
                0x000000000800be74       0x30 ./Middlewares/ST/STM32_USB_Device_Library/Core/Src/usbd_core.o
                0x000000000800be74                USBD_ClrClassConfig
 .text.USBD_LL_SetupStage
                0x000000000800bea4       0xaa ./Middlewares/ST/STM32_USB_Device_Library/Core/Src/usbd_core.o
                0x000000000800bea4                USBD_LL_SetupStage
 .text.USBD_LL_DataOutStage
                0x000000000800bf4e       0xc6 ./Middlewares/ST/STM32_USB_Device_Library/Core/Src/usbd_core.o
                0x000000000800bf4e                USBD_LL_DataOutStage
 .text.USBD_LL_DataInStage
                0x000000000800c014      0x12c ./Middlewares/ST/STM32_USB_Device_Library/Core/Src/usbd_core.o
                0x000000000800c014                USBD_LL_DataInStage
 .text.USBD_LL_Reset
                0x000000000800c140       0x9c ./Middlewares/ST/STM32_USB_Device_Library/Core/Src/usbd_core.o
                0x000000000800c140                USBD_LL_Reset
 .text.USBD_LL_SetSpeed
                0x000000000800c1dc       0x20 ./Middlewares/ST/STM32_USB_Device_Library/Core/Src/usbd_core.o
                0x000000000800c1dc                USBD_LL_SetSpeed
 .text.USBD_LL_Suspend
                0x000000000800c1fc       0x2c ./Middlewares/ST/STM32_USB_Device_Library/Core/Src/usbd_core.o
                0x000000000800c1fc                USBD_LL_Suspend
 .text.USBD_LL_Resume
                0x000000000800c228       0x30 ./Middlewares/ST/STM32_USB_Device_Library/Core/Src/usbd_core.o
                0x000000000800c228                USBD_LL_Resume
 .text.USBD_LL_SOF
                0x000000000800c258       0x44 ./Middlewares/ST/STM32_USB_Device_Library/Core/Src/usbd_core.o
                0x000000000800c258                USBD_LL_SOF
 .text.SWAPBYTE
                0x000000000800c29c       0x3c ./Middlewares/ST/STM32_USB_Device_Library/Core/Src/usbd_ctlreq.o
 .text.USBD_StdDevReq
                0x000000000800c2d8       0xdc ./Middlewares/ST/STM32_USB_Device_Library/Core/Src/usbd_ctlreq.o
                0x000000000800c2d8                USBD_StdDevReq
 .text.USBD_StdItfReq
                0x000000000800c3b4       0x92 ./Middlewares/ST/STM32_USB_Device_Library/Core/Src/usbd_ctlreq.o
                0x000000000800c3b4                USBD_StdItfReq
 .text.USBD_StdEPReq
                0x000000000800c446      0x2c4 ./Middlewares/ST/STM32_USB_Device_Library/Core/Src/usbd_ctlreq.o
                0x000000000800c446                USBD_StdEPReq
 *fill*         0x000000000800c70a        0x2 
 .text.USBD_GetDescriptor
                0x000000000800c70c      0x328 ./Middlewares/ST/STM32_USB_Device_Library/Core/Src/usbd_ctlreq.o
 .text.USBD_SetAddress
                0x000000000800ca34       0x88 ./Middlewares/ST/STM32_USB_Device_Library/Core/Src/usbd_ctlreq.o
 .text.USBD_SetConfig
                0x000000000800cabc      0x14c ./Middlewares/ST/STM32_USB_Device_Library/Core/Src/usbd_ctlreq.o
 .text.USBD_GetConfig
                0x000000000800cc08       0x6c ./Middlewares/ST/STM32_USB_Device_Library/Core/Src/usbd_ctlreq.o
 .text.USBD_GetStatus
                0x000000000800cc74       0x68 ./Middlewares/ST/STM32_USB_Device_Library/Core/Src/usbd_ctlreq.o
 .text.USBD_SetFeature
                0x000000000800ccdc       0x28 ./Middlewares/ST/STM32_USB_Device_Library/Core/Src/usbd_ctlreq.o
 .text.USBD_ClrFeature
                0x000000000800cd04       0x44 ./Middlewares/ST/STM32_USB_Device_Library/Core/Src/usbd_ctlreq.o
 .text.USBD_ParseSetupRequest
                0x000000000800cd48       0x74 ./Middlewares/ST/STM32_USB_Device_Library/Core/Src/usbd_ctlreq.o
                0x000000000800cd48                USBD_ParseSetupRequest
 .text.USBD_CtlError
                0x000000000800cdbc       0x22 ./Middlewares/ST/STM32_USB_Device_Library/Core/Src/usbd_ctlreq.o
                0x000000000800cdbc                USBD_CtlError
 .text.USBD_GetString
                0x000000000800cdde       0x8c ./Middlewares/ST/STM32_USB_Device_Library/Core/Src/usbd_ctlreq.o
                0x000000000800cdde                USBD_GetString
 .text.USBD_GetLen
                0x000000000800ce6a       0x34 ./Middlewares/ST/STM32_USB_Device_Library/Core/Src/usbd_ctlreq.o
 .text.USBD_CtlSendData
                0x000000000800ce9e       0x36 ./Middlewares/ST/STM32_USB_Device_Library/Core/Src/usbd_ioreq.o
                0x000000000800ce9e                USBD_CtlSendData
 .text.USBD_CtlContinueSendData
                0x000000000800ced4       0x22 ./Middlewares/ST/STM32_USB_Device_Library/Core/Src/usbd_ioreq.o
                0x000000000800ced4                USBD_CtlContinueSendData
 .text.USBD_CtlPrepareRx
                0x000000000800cef6       0x3a ./Middlewares/ST/STM32_USB_Device_Library/Core/Src/usbd_ioreq.o
                0x000000000800cef6                USBD_CtlPrepareRx
 .text.USBD_CtlContinueRx
                0x000000000800cf30       0x22 ./Middlewares/ST/STM32_USB_Device_Library/Core/Src/usbd_ioreq.o
                0x000000000800cf30                USBD_CtlContinueRx
 .text.USBD_CtlSendStatus
                0x000000000800cf52       0x26 ./Middlewares/ST/STM32_USB_Device_Library/Core/Src/usbd_ioreq.o
                0x000000000800cf52                USBD_CtlSendStatus
 .text.USBD_CtlReceiveStatus
                0x000000000800cf78       0x26 ./Middlewares/ST/STM32_USB_Device_Library/Core/Src/usbd_ioreq.o
                0x000000000800cf78                USBD_CtlReceiveStatus
 *fill*         0x000000000800cf9e        0x2 
 .text.MX_GPIO_Init
                0x000000000800cfa0       0xb0 ./Src/gpio.o
                0x000000000800cfa0                MX_GPIO_Init
 .text.MX_I2C1_Init
                0x000000000800d050       0x80 ./Src/i2c.o
                0x000000000800d050                MX_I2C1_Init
 .text.HAL_I2C_MspInit
                0x000000000800d0d0       0xec ./Src/i2c.o
                0x000000000800d0d0                HAL_I2C_MspInit
 .text.main     0x000000000800d1bc       0x26 ./Src/main.o
                0x000000000800d1bc                main
 .text.SystemClock_Config
                0x000000000800d1e2       0x98 ./Src/main.o
                0x000000000800d1e2                SystemClock_Config
 .text.Error_Handler
                0x000000000800d27a        0xa ./Src/main.o
                0x000000000800d27a                Error_Handler
 .text.nrf24l01_initialize
                0x000000000800d284      0x21a ./Src/nrf24l01.o
                0x000000000800d284                nrf24l01_initialize
 .text.nrf24l01_initialize_debug
                0x000000000800d49e       0x8c ./Src/nrf24l01.o
                0x000000000800d49e                nrf24l01_initialize_debug
 .text.nrf24l01_power_up_param
                0x000000000800d52a       0x56 ./Src/nrf24l01.o
                0x000000000800d52a                nrf24l01_power_up_param
 .text.nrf24l01_power_down_param
                0x000000000800d580       0x2c ./Src/nrf24l01.o
                0x000000000800d580                nrf24l01_power_down_param
 .text.nrf24l01_write_register
                0x000000000800d5ac       0x34 ./Src/nrf24l01.o
                0x000000000800d5ac                nrf24l01_write_register
 .text.nrf24l01_write_tx_payload
                0x000000000800d5e0       0x32 ./Src/nrf24l01.o
                0x000000000800d5e0                nrf24l01_write_tx_payload
 .text.nrf24l01_nop
                0x000000000800d612       0x16 ./Src/nrf24l01.o
                0x000000000800d612                nrf24l01_nop
 .text.nrf24l01_transmit
                0x000000000800d628       0x16 ./Src/nrf24l01.o
                0x000000000800d628                nrf24l01_transmit
 .text.nrf24l01_clear_ce
                0x000000000800d63e       0x14 ./Src/nrf24l01.o
                0x000000000800d63e                nrf24l01_clear_ce
 .text.nrf24l01_set_ce
                0x000000000800d652       0x14 ./Src/nrf24l01.o
                0x000000000800d652                nrf24l01_set_ce
 .text.nrf24l01_clear_csn
                0x000000000800d666       0x14 ./Src/nrf24l01.o
                0x000000000800d666                nrf24l01_clear_csn
 .text.nrf24l01_set_csn
                0x000000000800d67a       0x14 ./Src/nrf24l01.o
                0x000000000800d67a                nrf24l01_set_csn
 .text.nrf24l01_set_tx_addr
                0x000000000800d68e       0x1c ./Src/nrf24l01.o
                0x000000000800d68e                nrf24l01_set_tx_addr
 .text.nrf24l01_set_rx_addr
                0x000000000800d6aa       0x2e ./Src/nrf24l01.o
                0x000000000800d6aa                nrf24l01_set_rx_addr
 .text.nrf24l01_get_status
                0x000000000800d6d8        0xe ./Src/nrf24l01.o
                0x000000000800d6d8                nrf24l01_get_status
 .text.nrf24l01_irq_pin_active
                0x000000000800d6e6       0x1e ./Src/nrf24l01.o
                0x000000000800d6e6                nrf24l01_irq_pin_active
 .text.nrf24l01_irq_tx_ds_active
                0x000000000800d704       0x14 ./Src/nrf24l01.o
                0x000000000800d704                nrf24l01_irq_tx_ds_active
 .text.nrf24l01_irq_clear_all
                0x000000000800d718       0x1e ./Src/nrf24l01.o
                0x000000000800d718                nrf24l01_irq_clear_all
 .text.nrf24l01_execute_command
                0x000000000800d736       0x44 ./Src/nrf24l01.o
                0x000000000800d736                nrf24l01_execute_command
 .text.nrf24l01_spi_send_read
                0x000000000800d77a       0x5e ./Src/nrf24l01.o
                0x000000000800d77a                nrf24l01_spi_send_read
 .text.MX_SPI1_Init
                0x000000000800d7d8       0x7c ./Src/spi.o
                0x000000000800d7d8                MX_SPI1_Init
 .text.HAL_SPI_MspInit
                0x000000000800d854       0x84 ./Src/spi.o
                0x000000000800d854                HAL_SPI_MspInit
 .text.HAL_MspInit
                0x000000000800d8d8       0x48 ./Src/stm32g4xx_hal_msp.o
                0x000000000800d8d8                HAL_MspInit
 .text.NMI_Handler
                0x000000000800d920        0x6 ./Src/stm32g4xx_it.o
                0x000000000800d920                NMI_Handler
 .text.HardFault_Handler
                0x000000000800d926        0x6 ./Src/stm32g4xx_it.o
                0x000000000800d926                HardFault_Handler
 .text.MemManage_Handler
                0x000000000800d92c        0x6 ./Src/stm32g4xx_it.o
                0x000000000800d92c                MemManage_Handler
 .text.SVC_Handler
                0x000000000800d932        0xe ./Src/stm32g4xx_it.o
                0x000000000800d932                SVC_Handler
 .text.DebugMon_Handler
                0x000000000800d940        0xe ./Src/stm32g4xx_it.o
                0x000000000800d940                DebugMon_Handler
 .text.PendSV_Handler
                0x000000000800d94e        0xe ./Src/stm32g4xx_it.o
                0x000000000800d94e                PendSV_Handler
 .text.SysTick_Handler
                0x000000000800d95c        0xc ./Src/stm32g4xx_it.o
                0x000000000800d95c                SysTick_Handler
 .text.USB_LP_IRQHandler
                0x000000000800d968       0x14 ./Src/stm32g4xx_it.o
                0x000000000800d968                USB_LP_IRQHandler
 .text.EXTI9_5_IRQHandler
                0x000000000800d97c       0x10 ./Src/stm32g4xx_it.o
                0x000000000800d97c                EXTI9_5_IRQHandler
 .text._read    0x000000000800d98c       0x3a ./Src/syscalls.o
                0x000000000800d98c                _read
 .text._close   0x000000000800d9c6       0x18 ./Src/syscalls.o
                0x000000000800d9c6                _close
 .text._fstat   0x000000000800d9de       0x20 ./Src/syscalls.o
                0x000000000800d9de                _fstat
 .text._isatty  0x000000000800d9fe       0x16 ./Src/syscalls.o
                0x000000000800d9fe                _isatty
 .text._lseek   0x000000000800da14       0x1a ./Src/syscalls.o
                0x000000000800da14                _lseek
 *fill*         0x000000000800da2e        0x2 
 .text._sbrk    0x000000000800da30       0x6c ./Src/sysmem.o
                0x000000000800da30                _sbrk
 .text.SystemInit
                0x000000000800da9c       0x24 ./Src/system_stm32g4xx.o
                0x000000000800da9c                SystemInit
 .text.MX_TIM6_Init
                0x000000000800dac0       0x6c ./Src/tim.o
                0x000000000800dac0                MX_TIM6_Init
 .text.HAL_TIM_Base_MspInit
                0x000000000800db2c       0x40 ./Src/tim.o
                0x000000000800db2c                HAL_TIM_Base_MspInit
 .text.MX_USB_Device_Init
                0x000000000800db6c       0x60 ./Src/usb_device.o
                0x000000000800db6c                MX_USB_Device_Init
 .text.CDC_Init_FS
                0x000000000800dbcc       0x28 ./Src/usbd_cdc_if.o
 .text.CDC_DeInit_FS
                0x000000000800dbf4       0x10 ./Src/usbd_cdc_if.o
 .text.CDC_Control_FS
                0x000000000800dc04       0xbc ./Src/usbd_cdc_if.o
 .text.CDC_Receive_FS
                0x000000000800dcc0       0x28 ./Src/usbd_cdc_if.o
 .text.CDC_Transmit_FS
                0x000000000800dce8       0x4c ./Src/usbd_cdc_if.o
                0x000000000800dce8                CDC_Transmit_FS
 .text.CDC_TransmitCplt_FS
                0x000000000800dd34       0x22 ./Src/usbd_cdc_if.o
 *fill*         0x000000000800dd56        0x2 
 .text.HAL_PCD_MspInit
                0x000000000800dd58       0x78 ./Src/usbd_conf.o
                0x000000000800dd58                HAL_PCD_MspInit
 .text.HAL_PCD_SetupStageCallback
                0x000000000800ddd0       0x24 ./Src/usbd_conf.o
                0x000000000800ddd0                HAL_PCD_SetupStageCallback
 .text.HAL_PCD_DataOutStageCallback
                0x000000000800ddf4       0x36 ./Src/usbd_conf.o
                0x000000000800ddf4                HAL_PCD_DataOutStageCallback
 .text.HAL_PCD_DataInStageCallback
                0x000000000800de2a       0x34 ./Src/usbd_conf.o
                0x000000000800de2a                HAL_PCD_DataInStageCallback
 .text.HAL_PCD_SOFCallback
                0x000000000800de5e       0x1c ./Src/usbd_conf.o
                0x000000000800de5e                HAL_PCD_SOFCallback
 .text.HAL_PCD_ResetCallback
                0x000000000800de7a       0x3c ./Src/usbd_conf.o
                0x000000000800de7a                HAL_PCD_ResetCallback
 *fill*         0x000000000800deb6        0x2 
 .text.HAL_PCD_SuspendCallback
                0x000000000800deb8       0x34 ./Src/usbd_conf.o
                0x000000000800deb8                HAL_PCD_SuspendCallback
 .text.HAL_PCD_ResumeCallback
                0x000000000800deec       0x38 ./Src/usbd_conf.o
                0x000000000800deec                HAL_PCD_ResumeCallback
 .text.USBD_LL_Init
                0x000000000800df24       0xc0 ./Src/usbd_conf.o
                0x000000000800df24                USBD_LL_Init
 .text.USBD_LL_Start
                0x000000000800dfe4       0x36 ./Src/usbd_conf.o
                0x000000000800dfe4                USBD_LL_Start
 .text.USBD_LL_OpenEP
                0x000000000800e01a       0x4c ./Src/usbd_conf.o
                0x000000000800e01a                USBD_LL_OpenEP
 .text.USBD_LL_CloseEP
                0x000000000800e066       0x3e ./Src/usbd_conf.o
                0x000000000800e066                USBD_LL_CloseEP
 .text.USBD_LL_StallEP
                0x000000000800e0a4       0x3e ./Src/usbd_conf.o
                0x000000000800e0a4                USBD_LL_StallEP
 .text.USBD_LL_ClearStallEP
                0x000000000800e0e2       0x3e ./Src/usbd_conf.o
                0x000000000800e0e2                USBD_LL_ClearStallEP
 .text.USBD_LL_IsStallEP
                0x000000000800e120       0x5a ./Src/usbd_conf.o
                0x000000000800e120                USBD_LL_IsStallEP
 .text.USBD_LL_SetUSBAddress
                0x000000000800e17a       0x3e ./Src/usbd_conf.o
                0x000000000800e17a                USBD_LL_SetUSBAddress
 .text.USBD_LL_Transmit
                0x000000000800e1b8       0x42 ./Src/usbd_conf.o
                0x000000000800e1b8                USBD_LL_Transmit
 .text.USBD_LL_PrepareReceive
                0x000000000800e1fa       0x42 ./Src/usbd_conf.o
                0x000000000800e1fa                USBD_LL_PrepareReceive
 .text.USBD_LL_GetRxDataSize
                0x000000000800e23c       0x26 ./Src/usbd_conf.o
                0x000000000800e23c                USBD_LL_GetRxDataSize
 *fill*         0x000000000800e262        0x2 
 .text.HAL_PCDEx_LPM_Callback
                0x000000000800e264       0x6c ./Src/usbd_conf.o
                0x000000000800e264                HAL_PCDEx_LPM_Callback
 .text.USBD_static_malloc
                0x000000000800e2d0       0x1c ./Src/usbd_conf.o
                0x000000000800e2d0                USBD_static_malloc
 .text.USBD_static_free
                0x000000000800e2ec       0x14 ./Src/usbd_conf.o
                0x000000000800e2ec                USBD_static_free
 .text.SystemClockConfig_Resume
                0x000000000800e300        0xc ./Src/usbd_conf.o
 .text.USBD_Get_USB_Status
                0x000000000800e30c       0x58 ./Src/usbd_conf.o
 .text.USBD_CDC_DeviceDescriptor
                0x000000000800e364       0x24 ./Src/usbd_desc.o
                0x000000000800e364                USBD_CDC_DeviceDescriptor
 .text.USBD_CDC_LangIDStrDescriptor
                0x000000000800e388       0x24 ./Src/usbd_desc.o
                0x000000000800e388                USBD_CDC_LangIDStrDescriptor
 .text.USBD_CDC_ProductStrDescriptor
                0x000000000800e3ac       0x3c ./Src/usbd_desc.o
                0x000000000800e3ac                USBD_CDC_ProductStrDescriptor
 .text.USBD_CDC_ManufacturerStrDescriptor
                0x000000000800e3e8       0x28 ./Src/usbd_desc.o
                0x000000000800e3e8                USBD_CDC_ManufacturerStrDescriptor
 .text.USBD_CDC_SerialStrDescriptor
                0x000000000800e410       0x24 ./Src/usbd_desc.o
                0x000000000800e410                USBD_CDC_SerialStrDescriptor
 .text.USBD_CDC_ConfigStrDescriptor
                0x000000000800e434       0x3c ./Src/usbd_desc.o
                0x000000000800e434                USBD_CDC_ConfigStrDescriptor
 .text.USBD_CDC_InterfaceStrDescriptor
                0x000000000800e470       0x3c ./Src/usbd_desc.o
                0x000000000800e470                USBD_CDC_InterfaceStrDescriptor
 .text.Get_SerialNum
                0x000000000800e4ac       0x58 ./Src/usbd_desc.o
 .text.IntToUnicode
                0x000000000800e504       0x7e ./Src/usbd_desc.o
 *fill*         0x000000000800e582        0x2 
 .text.Delay_US
                0x000000000800e584       0x40 ./Src/user_delays.o
                0x000000000800e584                Delay_US
 .text.user_main
                0x000000000800e5c4      0x150 ./Src/user_main.o
                0x000000000800e5c4                user_main
 .text.HAL_GPIO_EXTI_Callback
                0x000000000800e714       0x28 ./Src/user_main.o
                0x000000000800e714                HAL_GPIO_EXTI_Callback
 .text.user_nrf24l01_send_data
                0x000000000800e73c       0x3a ./Src/user_nrf24l01.o
                0x000000000800e73c                user_nrf24l01_send_data
 *fill*         0x000000000800e776        0x2 
 .text._write   0x000000000800e778       0x6c ./Src/user_retarget.o
                0x000000000800e778                _write
 .text.spi1_send_read_byte
                0x000000000800e7e4       0x3c ./Src/user_spi.o
                0x000000000800e7e4                spi1_send_read_byte
 .text.user_vl53l0x_init
                0x000000000800e820       0xfc ./Src/user_vl53l0x.o
                0x000000000800e820                user_vl53l0x_init
 .text.Reset_Handler
                0x000000000800e91c       0x50 ./Startup/startup_stm32g431kbtx.o
                0x000000000800e91c                Reset_Handler
 .text.Default_Handler
                0x000000000800e96c        0x2 ./Startup/startup_stm32g431kbtx.o
                0x000000000800e96c                RTC_Alarm_IRQHandler
                0x000000000800e96c                EXTI2_IRQHandler
                0x000000000800e96c                TIM8_TRG_COM_IRQHandler
                0x000000000800e96c                TIM8_CC_IRQHandler
                0x000000000800e96c                TIM1_CC_IRQHandler
                0x000000000800e96c                USB_HP_IRQHandler
                0x000000000800e96c                CORDIC_IRQHandler
                0x000000000800e96c                EXTI3_IRQHandler
                0x000000000800e96c                I2C3_ER_IRQHandler
                0x000000000800e96c                EXTI0_IRQHandler
                0x000000000800e96c                I2C2_EV_IRQHandler
                0x000000000800e96c                FPU_IRQHandler
                0x000000000800e96c                FDCAN1_IT1_IRQHandler
                0x000000000800e96c                TIM1_UP_TIM16_IRQHandler
                0x000000000800e96c                UsageFault_Handler
                0x000000000800e96c                ADC1_2_IRQHandler
                0x000000000800e96c                SPI1_IRQHandler
                0x000000000800e96c                TIM6_DAC_IRQHandler
                0x000000000800e96c                TIM8_UP_IRQHandler
                0x000000000800e96c                DMA2_Channel2_IRQHandler
                0x000000000800e96c                DMA1_Channel4_IRQHandler
                0x000000000800e96c                USART3_IRQHandler
                0x000000000800e96c                TIM4_IRQHandler
                0x000000000800e96c                DMA2_Channel1_IRQHandler
                0x000000000800e96c                I2C1_EV_IRQHandler
                0x000000000800e96c                DMA1_Channel6_IRQHandler
                0x000000000800e96c                UART4_IRQHandler
                0x000000000800e96c                DMA2_Channel4_IRQHandler
                0x000000000800e96c                TIM3_IRQHandler
                0x000000000800e96c                RCC_IRQHandler
                0x000000000800e96c                DMA1_Channel1_IRQHandler
                0x000000000800e96c                Default_Handler
                0x000000000800e96c                RTC_TAMP_LSECSS_IRQHandler
                0x000000000800e96c                FMAC_IRQHandler
                0x000000000800e96c                EXTI15_10_IRQHandler
                0x000000000800e96c                TIM7_IRQHandler
                0x000000000800e96c                UCPD1_IRQHandler
                0x000000000800e96c                I2C3_EV_IRQHandler
                0x000000000800e96c                RTC_WKUP_IRQHandler
                0x000000000800e96c                PVD_PVM_IRQHandler
                0x000000000800e96c                SPI2_IRQHandler
                0x000000000800e96c                DMA2_Channel5_IRQHandler
                0x000000000800e96c                CRS_IRQHandler
                0x000000000800e96c                DMA1_Channel5_IRQHandler
                0x000000000800e96c                EXTI4_IRQHandler
                0x000000000800e96c                RNG_IRQHandler
                0x000000000800e96c                TIM1_TRG_COM_TIM17_IRQHandler
                0x000000000800e96c                DMA1_Channel3_IRQHandler
                0x000000000800e96c                WWDG_IRQHandler
                0x000000000800e96c                LPUART1_IRQHandler
                0x000000000800e96c                DMA2_Channel6_IRQHandler
                0x000000000800e96c                FDCAN1_IT0_IRQHandler
                0x000000000800e96c                TIM2_IRQHandler
                0x000000000800e96c                COMP1_2_3_IRQHandler
                0x000000000800e96c                EXTI1_IRQHandler
                0x000000000800e96c                USART2_IRQHandler
                0x000000000800e96c                I2C2_ER_IRQHandler
                0x000000000800e96c                DMA1_Channel2_IRQHandler
                0x000000000800e96c                TIM8_BRK_IRQHandler
                0x000000000800e96c                FLASH_IRQHandler
                0x000000000800e96c                BusFault_Handler
                0x000000000800e96c                USART1_IRQHandler
                0x000000000800e96c                SPI3_IRQHandler
                0x000000000800e96c                I2C1_ER_IRQHandler
                0x000000000800e96c                LPTIM1_IRQHandler
                0x000000000800e96c                DMAMUX_OVR_IRQHandler
                0x000000000800e96c                USBWakeUp_IRQHandler
                0x000000000800e96c                SAI1_IRQHandler
                0x000000000800e96c                DMA2_Channel3_IRQHandler
                0x000000000800e96c                COMP4_IRQHandler
                0x000000000800e96c                TIM1_BRK_TIM15_IRQHandler
 *fill*         0x000000000800e96e        0x2 
 .text.__errno  0x000000000800e970        0xc c:/st/stm32cubeide_1.5.1/stm32cubeide/plugins/com.st.stm32cube.ide.mcu.externaltools.gnu-tools-for-stm32.9-2020-q2-update.win32_2.0.0.202105311346/tools/bin/../lib/gcc/arm-none-eabi/9.3.1/../../../../arm-none-eabi/lib/thumb/v7e-m+fp/hard\libc_nano.a(lib_a-errno.o)
                0x000000000800e970                __errno
 .text.__libc_init_array
                0x000000000800e97c       0x48 c:/st/stm32cubeide_1.5.1/stm32cubeide/plugins/com.st.stm32cube.ide.mcu.externaltools.gnu-tools-for-stm32.9-2020-q2-update.win32_2.0.0.202105311346/tools/bin/../lib/gcc/arm-none-eabi/9.3.1/../../../../arm-none-eabi/lib/thumb/v7e-m+fp/hard\libc_nano.a(lib_a-init.o)
                0x000000000800e97c                __libc_init_array
 .text.memcpy   0x000000000800e9c4       0x1c c:/st/stm32cubeide_1.5.1/stm32cubeide/plugins/com.st.stm32cube.ide.mcu.externaltools.gnu-tools-for-stm32.9-2020-q2-update.win32_2.0.0.202105311346/tools/bin/../lib/gcc/arm-none-eabi/9.3.1/../../../../arm-none-eabi/lib/thumb/v7e-m+fp/hard\libc_nano.a(lib_a-memcpy-stub.o)
                0x000000000800e9c4                memcpy
 .text.memset   0x000000000800e9e0       0x10 c:/st/stm32cubeide_1.5.1/stm32cubeide/plugins/com.st.stm32cube.ide.mcu.externaltools.gnu-tools-for-stm32.9-2020-q2-update.win32_2.0.0.202105311346/tools/bin/../lib/gcc/arm-none-eabi/9.3.1/../../../../arm-none-eabi/lib/thumb/v7e-m+fp/hard\libc_nano.a(lib_a-memset.o)
                0x000000000800e9e0                memset
 .text.printf   0x000000000800e9f0       0x30 c:/st/stm32cubeide_1.5.1/stm32cubeide/plugins/com.st.stm32cube.ide.mcu.externaltools.gnu-tools-for-stm32.9-2020-q2-update.win32_2.0.0.202105311346/tools/bin/../lib/gcc/arm-none-eabi/9.3.1/../../../../arm-none-eabi/lib/thumb/v7e-m+fp/hard\libc_nano.a(lib_a-printf.o)
                0x000000000800e9f0                iprintf
                0x000000000800e9f0                printf
 .text._puts_r  0x000000000800ea20       0xdc c:/st/stm32cubeide_1.5.1/stm32cubeide/plugins/com.st.stm32cube.ide.mcu.externaltools.gnu-tools-for-stm32.9-2020-q2-update.win32_2.0.0.202105311346/tools/bin/../lib/gcc/arm-none-eabi/9.3.1/../../../../arm-none-eabi/lib/thumb/v7e-m+fp/hard\libc_nano.a(lib_a-puts.o)
                0x000000000800ea20                _puts_r
 .text.puts     0x000000000800eafc       0x10 c:/st/stm32cubeide_1.5.1/stm32cubeide/plugins/com.st.stm32cube.ide.mcu.externaltools.gnu-tools-for-stm32.9-2020-q2-update.win32_2.0.0.202105311346/tools/bin/../lib/gcc/arm-none-eabi/9.3.1/../../../../arm-none-eabi/lib/thumb/v7e-m+fp/hard\libc_nano.a(lib_a-puts.o)
                0x000000000800eafc                puts
 .text.strcpy   0x000000000800eb0c       0x10 c:/st/stm32cubeide_1.5.1/stm32cubeide/plugins/com.st.stm32cube.ide.mcu.externaltools.gnu-tools-for-stm32.9-2020-q2-update.win32_2.0.0.202105311346/tools/bin/../lib/gcc/arm-none-eabi/9.3.1/../../../../arm-none-eabi/lib/thumb/v7e-m+fp/hard\libc_nano.a(lib_a-strcpy.o)
                0x000000000800eb0c                strcpy
 .text.__swbuf_r
                0x000000000800eb1c       0xa4 c:/st/stm32cubeide_1.5.1/stm32cubeide/plugins/com.st.stm32cube.ide.mcu.externaltools.gnu-tools-for-stm32.9-2020-q2-update.win32_2.0.0.202105311346/tools/bin/../lib/gcc/arm-none-eabi/9.3.1/../../../../arm-none-eabi/lib/thumb/v7e-m+fp/hard\libc_nano.a(lib_a-wbuf.o)
                0x000000000800eb1c                __swbuf_r
 .text.__swsetup_r
                0x000000000800ebc0       0xdc c:/st/stm32cubeide_1.5.1/stm32cubeide/plugins/com.st.stm32cube.ide.mcu.externaltools.gnu-tools-for-stm32.9-2020-q2-update.win32_2.0.0.202105311346/tools/bin/../lib/gcc/arm-none-eabi/9.3.1/../../../../arm-none-eabi/lib/thumb/v7e-m+fp/hard\libc_nano.a(lib_a-wsetup.o)
                0x000000000800ebc0                __swsetup_r
 .text.__sflush_r
                0x000000000800ec9c      0x10c c:/st/stm32cubeide_1.5.1/stm32cubeide/plugins/com.st.stm32cube.ide.mcu.externaltools.gnu-tools-for-stm32.9-2020-q2-update.win32_2.0.0.202105311346/tools/bin/../lib/gcc/arm-none-eabi/9.3.1/../../../../arm-none-eabi/lib/thumb/v7e-m+fp/hard\libc_nano.a(lib_a-fflush.o)
                0x000000000800ec9c                __sflush_r
 .text._fflush_r
                0x000000000800eda8       0x78 c:/st/stm32cubeide_1.5.1/stm32cubeide/plugins/com.st.stm32cube.ide.mcu.externaltools.gnu-tools-for-stm32.9-2020-q2-update.win32_2.0.0.202105311346/tools/bin/../lib/gcc/arm-none-eabi/9.3.1/../../../../arm-none-eabi/lib/thumb/v7e-m+fp/hard\libc_nano.a(lib_a-fflush.o)
                0x000000000800eda8                _fflush_r
 .text.std      0x000000000800ee20       0x48 c:/st/stm32cubeide_1.5.1/stm32cubeide/plugins/com.st.stm32cube.ide.mcu.externaltools.gnu-tools-for-stm32.9-2020-q2-update.win32_2.0.0.202105311346/tools/bin/../lib/gcc/arm-none-eabi/9.3.1/../../../../arm-none-eabi/lib/thumb/v7e-m+fp/hard\libc_nano.a(lib_a-findfp.o)
 .text._cleanup_r
                0x000000000800ee68        0xc c:/st/stm32cubeide_1.5.1/stm32cubeide/plugins/com.st.stm32cube.ide.mcu.externaltools.gnu-tools-for-stm32.9-2020-q2-update.win32_2.0.0.202105311346/tools/bin/../lib/gcc/arm-none-eabi/9.3.1/../../../../arm-none-eabi/lib/thumb/v7e-m+fp/hard\libc_nano.a(lib_a-findfp.o)
                0x000000000800ee68                _cleanup_r
 .text.__sfmoreglue
                0x000000000800ee74       0x2c c:/st/stm32cubeide_1.5.1/stm32cubeide/plugins/com.st.stm32cube.ide.mcu.externaltools.gnu-tools-for-stm32.9-2020-q2-update.win32_2.0.0.202105311346/tools/bin/../lib/gcc/arm-none-eabi/9.3.1/../../../../arm-none-eabi/lib/thumb/v7e-m+fp/hard\libc_nano.a(lib_a-findfp.o)
                0x000000000800ee74                __sfmoreglue
 .text.__sfp_lock_acquire
                0x000000000800eea0        0xc c:/st/stm32cubeide_1.5.1/stm32cubeide/plugins/com.st.stm32cube.ide.mcu.externaltools.gnu-tools-for-stm32.9-2020-q2-update.win32_2.0.0.202105311346/tools/bin/../lib/gcc/arm-none-eabi/9.3.1/../../../../arm-none-eabi/lib/thumb/v7e-m+fp/hard\libc_nano.a(lib_a-findfp.o)
                0x000000000800eea0                __sfp_lock_acquire
 .text.__sfp_lock_release
                0x000000000800eeac        0xc c:/st/stm32cubeide_1.5.1/stm32cubeide/plugins/com.st.stm32cube.ide.mcu.externaltools.gnu-tools-for-stm32.9-2020-q2-update.win32_2.0.0.202105311346/tools/bin/../lib/gcc/arm-none-eabi/9.3.1/../../../../arm-none-eabi/lib/thumb/v7e-m+fp/hard\libc_nano.a(lib_a-findfp.o)
                0x000000000800eeac                __sfp_lock_release
 .text.__sinit_lock_acquire
                0x000000000800eeb8        0xc c:/st/stm32cubeide_1.5.1/stm32cubeide/plugins/com.st.stm32cube.ide.mcu.externaltools.gnu-tools-for-stm32.9-2020-q2-update.win32_2.0.0.202105311346/tools/bin/../lib/gcc/arm-none-eabi/9.3.1/../../../../arm-none-eabi/lib/thumb/v7e-m+fp/hard\libc_nano.a(lib_a-findfp.o)
                0x000000000800eeb8                __sinit_lock_acquire
 .text.__sinit_lock_release
                0x000000000800eec4        0xc c:/st/stm32cubeide_1.5.1/stm32cubeide/plugins/com.st.stm32cube.ide.mcu.externaltools.gnu-tools-for-stm32.9-2020-q2-update.win32_2.0.0.202105311346/tools/bin/../lib/gcc/arm-none-eabi/9.3.1/../../../../arm-none-eabi/lib/thumb/v7e-m+fp/hard\libc_nano.a(lib_a-findfp.o)
                0x000000000800eec4                __sinit_lock_release
 .text.__sinit  0x000000000800eed0       0x70 c:/st/stm32cubeide_1.5.1/stm32cubeide/plugins/com.st.stm32cube.ide.mcu.externaltools.gnu-tools-for-stm32.9-2020-q2-update.win32_2.0.0.202105311346/tools/bin/../lib/gcc/arm-none-eabi/9.3.1/../../../../arm-none-eabi/lib/thumb/v7e-m+fp/hard\libc_nano.a(lib_a-findfp.o)
                0x000000000800eed0                __sinit
 .text.__sfp    0x000000000800ef40       0x8c c:/st/stm32cubeide_1.5.1/stm32cubeide/plugins/com.st.stm32cube.ide.mcu.externaltools.gnu-tools-for-stm32.9-2020-q2-update.win32_2.0.0.202105311346/tools/bin/../lib/gcc/arm-none-eabi/9.3.1/../../../../arm-none-eabi/lib/thumb/v7e-m+fp/hard\libc_nano.a(lib_a-findfp.o)
                0x000000000800ef40                __sfp
 .text._fwalk_reent
                0x000000000800efcc       0x3e c:/st/stm32cubeide_1.5.1/stm32cubeide/plugins/com.st.stm32cube.ide.mcu.externaltools.gnu-tools-for-stm32.9-2020-q2-update.win32_2.0.0.202105311346/tools/bin/../lib/gcc/arm-none-eabi/9.3.1/../../../../arm-none-eabi/lib/thumb/v7e-m+fp/hard\libc_nano.a(lib_a-fwalk.o)
                0x000000000800efcc                _fwalk_reent
 .text.__retarget_lock_init_recursive
                0x000000000800f00a        0x2 c:/st/stm32cubeide_1.5.1/stm32cubeide/plugins/com.st.stm32cube.ide.mcu.externaltools.gnu-tools-for-stm32.9-2020-q2-update.win32_2.0.0.202105311346/tools/bin/../lib/gcc/arm-none-eabi/9.3.1/../../../../arm-none-eabi/lib/thumb/v7e-m+fp/hard\libc_nano.a(lib_a-lock.o)
                0x000000000800f00a                __retarget_lock_init_recursive
 .text.__retarget_lock_acquire_recursive
                0x000000000800f00c        0x2 c:/st/stm32cubeide_1.5.1/stm32cubeide/plugins/com.st.stm32cube.ide.mcu.externaltools.gnu-tools-for-stm32.9-2020-q2-update.win32_2.0.0.202105311346/tools/bin/../lib/gcc/arm-none-eabi/9.3.1/../../../../arm-none-eabi/lib/thumb/v7e-m+fp/hard\libc_nano.a(lib_a-lock.o)
                0x000000000800f00c                __retarget_lock_acquire_recursive
 .text.__retarget_lock_release_recursive
                0x000000000800f00e        0x2 c:/st/stm32cubeide_1.5.1/stm32cubeide/plugins/com.st.stm32cube.ide.mcu.externaltools.gnu-tools-for-stm32.9-2020-q2-update.win32_2.0.0.202105311346/tools/bin/../lib/gcc/arm-none-eabi/9.3.1/../../../../arm-none-eabi/lib/thumb/v7e-m+fp/hard\libc_nano.a(lib_a-lock.o)
                0x000000000800f00e                __retarget_lock_release_recursive
 .text.__swhatbuf_r
                0x000000000800f010       0x48 c:/st/stm32cubeide_1.5.1/stm32cubeide/plugins/com.st.stm32cube.ide.mcu.externaltools.gnu-tools-for-stm32.9-2020-q2-update.win32_2.0.0.202105311346/tools/bin/../lib/gcc/arm-none-eabi/9.3.1/../../../../arm-none-eabi/lib/thumb/v7e-m+fp/hard\libc_nano.a(lib_a-makebuf.o)
                0x000000000800f010                __swhatbuf_r
 .text.__smakebuf_r
                0x000000000800f058       0x80 c:/st/stm32cubeide_1.5.1/stm32cubeide/plugins/com.st.stm32cube.ide.mcu.externaltools.gnu-tools-for-stm32.9-2020-q2-update.win32_2.0.0.202105311346/tools/bin/../lib/gcc/arm-none-eabi/9.3.1/../../../../arm-none-eabi/lib/thumb/v7e-m+fp/hard\libc_nano.a(lib_a-makebuf.o)
                0x000000000800f058                __smakebuf_r
 .text._free_r  0x000000000800f0d8       0xa0 c:/st/stm32cubeide_1.5.1/stm32cubeide/plugins/com.st.stm32cube.ide.mcu.externaltools.gnu-tools-for-stm32.9-2020-q2-update.win32_2.0.0.202105311346/tools/bin/../lib/gcc/arm-none-eabi/9.3.1/../../../../arm-none-eabi/lib/thumb/v7e-m+fp/hard\libc_nano.a(lib_a-nano-freer.o)
                0x000000000800f0d8                _free_r
 .text._malloc_r
                0x000000000800f178       0xb4 c:/st/stm32cubeide_1.5.1/stm32cubeide/plugins/com.st.stm32cube.ide.mcu.externaltools.gnu-tools-for-stm32.9-2020-q2-update.win32_2.0.0.202105311346/tools/bin/../lib/gcc/arm-none-eabi/9.3.1/../../../../arm-none-eabi/lib/thumb/v7e-m+fp/hard\libc_nano.a(lib_a-nano-mallocr.o)
                0x000000000800f178                _malloc_r
 .text.__sfputc_r
                0x000000000800f22c       0x2e c:/st/stm32cubeide_1.5.1/stm32cubeide/plugins/com.st.stm32cube.ide.mcu.externaltools.gnu-tools-for-stm32.9-2020-q2-update.win32_2.0.0.202105311346/tools/bin/../lib/gcc/arm-none-eabi/9.3.1/../../../../arm-none-eabi/lib/thumb/v7e-m+fp/hard\libc_nano.a(lib_a-nano-vfprintf.o)
 .text.__sfputs_r
                0x000000000800f25a       0x24 c:/st/stm32cubeide_1.5.1/stm32cubeide/plugins/com.st.stm32cube.ide.mcu.externaltools.gnu-tools-for-stm32.9-2020-q2-update.win32_2.0.0.202105311346/tools/bin/../lib/gcc/arm-none-eabi/9.3.1/../../../../arm-none-eabi/lib/thumb/v7e-m+fp/hard\libc_nano.a(lib_a-nano-vfprintf.o)
                0x000000000800f25a                __sfputs_r
 *fill*         0x000000000800f27e        0x2 
 .text._vfprintf_r
                0x000000000800f280      0x260 c:/st/stm32cubeide_1.5.1/stm32cubeide/plugins/com.st.stm32cube.ide.mcu.externaltools.gnu-tools-for-stm32.9-2020-q2-update.win32_2.0.0.202105311346/tools/bin/../lib/gcc/arm-none-eabi/9.3.1/../../../../arm-none-eabi/lib/thumb/v7e-m+fp/hard\libc_nano.a(lib_a-nano-vfprintf.o)
                0x000000000800f280                _vfprintf_r
                0x000000000800f280                _vfiprintf_r
 .text._printf_common
                0x000000000800f4e0       0xda c:/st/stm32cubeide_1.5.1/stm32cubeide/plugins/com.st.stm32cube.ide.mcu.externaltools.gnu-tools-for-stm32.9-2020-q2-update.win32_2.0.0.202105311346/tools/bin/../lib/gcc/arm-none-eabi/9.3.1/../../../../arm-none-eabi/lib/thumb/v7e-m+fp/hard\libc_nano.a(lib_a-nano-vfprintf_i.o)
                0x000000000800f4e0                _printf_common
 *fill*         0x000000000800f5ba        0x2 
 .text._printf_i
                0x000000000800f5bc      0x24c c:/st/stm32cubeide_1.5.1/stm32cubeide/plugins/com.st.stm32cube.ide.mcu.externaltools.gnu-tools-for-stm32.9-2020-q2-update.win32_2.0.0.202105311346/tools/bin/../lib/gcc/arm-none-eabi/9.3.1/../../../../arm-none-eabi/lib/thumb/v7e-m+fp/hard\libc_nano.a(lib_a-nano-vfprintf_i.o)
                0x000000000800f5bc                _printf_i
 .text._sbrk_r  0x000000000800f808       0x20 c:/st/stm32cubeide_1.5.1/stm32cubeide/plugins/com.st.stm32cube.ide.mcu.externaltools.gnu-tools-for-stm32.9-2020-q2-update.win32_2.0.0.202105311346/tools/bin/../lib/gcc/arm-none-eabi/9.3.1/../../../../arm-none-eabi/lib/thumb/v7e-m+fp/hard\libc_nano.a(lib_a-sbrkr.o)
                0x000000000800f808                _sbrk_r
 .text.__sread  0x000000000800f828       0x22 c:/st/stm32cubeide_1.5.1/stm32cubeide/plugins/com.st.stm32cube.ide.mcu.externaltools.gnu-tools-for-stm32.9-2020-q2-update.win32_2.0.0.202105311346/tools/bin/../lib/gcc/arm-none-eabi/9.3.1/../../../../arm-none-eabi/lib/thumb/v7e-m+fp/hard\libc_nano.a(lib_a-stdio.o)
                0x000000000800f828                __sread
 .text.__swrite
                0x000000000800f84a       0x38 c:/st/stm32cubeide_1.5.1/stm32cubeide/plugins/com.st.stm32cube.ide.mcu.externaltools.gnu-tools-for-stm32.9-2020-q2-update.win32_2.0.0.202105311346/tools/bin/../lib/gcc/arm-none-eabi/9.3.1/../../../../arm-none-eabi/lib/thumb/v7e-m+fp/hard\libc_nano.a(lib_a-stdio.o)
                0x000000000800f84a                __swrite
 .text.__sseek  0x000000000800f882       0x24 c:/st/stm32cubeide_1.5.1/stm32cubeide/plugins/com.st.stm32cube.ide.mcu.externaltools.gnu-tools-for-stm32.9-2020-q2-update.win32_2.0.0.202105311346/tools/bin/../lib/gcc/arm-none-eabi/9.3.1/../../../../arm-none-eabi/lib/thumb/v7e-m+fp/hard\libc_nano.a(lib_a-stdio.o)
                0x000000000800f882                __sseek
 .text.__sclose
                0x000000000800f8a6        0x8 c:/st/stm32cubeide_1.5.1/stm32cubeide/plugins/com.st.stm32cube.ide.mcu.externaltools.gnu-tools-for-stm32.9-2020-q2-update.win32_2.0.0.202105311346/tools/bin/../lib/gcc/arm-none-eabi/9.3.1/../../../../arm-none-eabi/lib/thumb/v7e-m+fp/hard\libc_nano.a(lib_a-stdio.o)
                0x000000000800f8a6                __sclose
 *fill*         0x000000000800f8ae        0x2 
 .text._write_r
                0x000000000800f8b0       0x24 c:/st/stm32cubeide_1.5.1/stm32cubeide/plugins/com.st.stm32cube.ide.mcu.externaltools.gnu-tools-for-stm32.9-2020-q2-update.win32_2.0.0.202105311346/tools/bin/../lib/gcc/arm-none-eabi/9.3.1/../../../../arm-none-eabi/lib/thumb/v7e-m+fp/hard\libc_nano.a(lib_a-writer.o)
                0x000000000800f8b0                _write_r
 .text._close_r
                0x000000000800f8d4       0x20 c:/st/stm32cubeide_1.5.1/stm32cubeide/plugins/com.st.stm32cube.ide.mcu.externaltools.gnu-tools-for-stm32.9-2020-q2-update.win32_2.0.0.202105311346/tools/bin/../lib/gcc/arm-none-eabi/9.3.1/../../../../arm-none-eabi/lib/thumb/v7e-m+fp/hard\libc_nano.a(lib_a-closer.o)
                0x000000000800f8d4                _close_r
 .text._fstat_r
                0x000000000800f8f4       0x24 c:/st/stm32cubeide_1.5.1/stm32cubeide/plugins/com.st.stm32cube.ide.mcu.externaltools.gnu-tools-for-stm32.9-2020-q2-update.win32_2.0.0.202105311346/tools/bin/../lib/gcc/arm-none-eabi/9.3.1/../../../../arm-none-eabi/lib/thumb/v7e-m+fp/hard\libc_nano.a(lib_a-fstatr.o)
                0x000000000800f8f4                _fstat_r
 .text._isatty_r
                0x000000000800f918       0x20 c:/st/stm32cubeide_1.5.1/stm32cubeide/plugins/com.st.stm32cube.ide.mcu.externaltools.gnu-tools-for-stm32.9-2020-q2-update.win32_2.0.0.202105311346/tools/bin/../lib/gcc/arm-none-eabi/9.3.1/../../../../arm-none-eabi/lib/thumb/v7e-m+fp/hard\libc_nano.a(lib_a-isattyr.o)
                0x000000000800f918                _isatty_r
 .text._lseek_r
                0x000000000800f938       0x24 c:/st/stm32cubeide_1.5.1/stm32cubeide/plugins/com.st.stm32cube.ide.mcu.externaltools.gnu-tools-for-stm32.9-2020-q2-update.win32_2.0.0.202105311346/tools/bin/../lib/gcc/arm-none-eabi/9.3.1/../../../../arm-none-eabi/lib/thumb/v7e-m+fp/hard\libc_nano.a(lib_a-lseekr.o)
                0x000000000800f938                _lseek_r
 .text.__malloc_lock
                0x000000000800f95c        0xc c:/st/stm32cubeide_1.5.1/stm32cubeide/plugins/com.st.stm32cube.ide.mcu.externaltools.gnu-tools-for-stm32.9-2020-q2-update.win32_2.0.0.202105311346/tools/bin/../lib/gcc/arm-none-eabi/9.3.1/../../../../arm-none-eabi/lib/thumb/v7e-m+fp/hard\libc_nano.a(lib_a-mlock.o)
                0x000000000800f95c                __malloc_lock
 .text.__malloc_unlock
                0x000000000800f968        0xc c:/st/stm32cubeide_1.5.1/stm32cubeide/plugins/com.st.stm32cube.ide.mcu.externaltools.gnu-tools-for-stm32.9-2020-q2-update.win32_2.0.0.202105311346/tools/bin/../lib/gcc/arm-none-eabi/9.3.1/../../../../arm-none-eabi/lib/thumb/v7e-m+fp/hard\libc_nano.a(lib_a-mlock.o)
                0x000000000800f968                __malloc_unlock
 .text._read_r  0x000000000800f974       0x24 c:/st/stm32cubeide_1.5.1/stm32cubeide/plugins/com.st.stm32cube.ide.mcu.externaltools.gnu-tools-for-stm32.9-2020-q2-update.win32_2.0.0.202105311346/tools/bin/../lib/gcc/arm-none-eabi/9.3.1/../../../../arm-none-eabi/lib/thumb/v7e-m+fp/hard\libc_nano.a(lib_a-readr.o)
                0x000000000800f974                _read_r
 *(.glue_7)
 .glue_7        0x000000000800f998        0x0 linker stubs
 *(.glue_7t)
 .glue_7t       0x000000000800f998        0x0 linker stubs
 *(.eh_frame)
 .eh_frame      0x000000000800f998        0x0 c:/st/stm32cubeide_1.5.1/stm32cubeide/plugins/com.st.stm32cube.ide.mcu.externaltools.gnu-tools-for-stm32.9-2020-q2-update.win32_2.0.0.202105311346/tools/bin/../lib/gcc/arm-none-eabi/9.3.1/thumb/v7e-m+fp/hard/crtbegin.o
 *(.init)
 .init          0x000000000800f998        0x4 c:/st/stm32cubeide_1.5.1/stm32cubeide/plugins/com.st.stm32cube.ide.mcu.externaltools.gnu-tools-for-stm32.9-2020-q2-update.win32_2.0.0.202105311346/tools/bin/../lib/gcc/arm-none-eabi/9.3.1/thumb/v7e-m+fp/hard/crti.o
                0x000000000800f998                _init
 .init          0x000000000800f99c        0x8 c:/st/stm32cubeide_1.5.1/stm32cubeide/plugins/com.st.stm32cube.ide.mcu.externaltools.gnu-tools-for-stm32.9-2020-q2-update.win32_2.0.0.202105311346/tools/bin/../lib/gcc/arm-none-eabi/9.3.1/thumb/v7e-m+fp/hard/crtn.o
 *(.fini)
 .fini          0x000000000800f9a4        0x4 c:/st/stm32cubeide_1.5.1/stm32cubeide/plugins/com.st.stm32cube.ide.mcu.externaltools.gnu-tools-for-stm32.9-2020-q2-update.win32_2.0.0.202105311346/tools/bin/../lib/gcc/arm-none-eabi/9.3.1/thumb/v7e-m+fp/hard/crti.o
                0x000000000800f9a4                _fini
 .fini          0x000000000800f9a8        0x8 c:/st/stm32cubeide_1.5.1/stm32cubeide/plugins/com.st.stm32cube.ide.mcu.externaltools.gnu-tools-for-stm32.9-2020-q2-update.win32_2.0.0.202105311346/tools/bin/../lib/gcc/arm-none-eabi/9.3.1/thumb/v7e-m+fp/hard/crtn.o
                0x000000000800f9b0                . = ALIGN (0x4)
                0x000000000800f9b0                _etext = .

.vfp11_veneer   0x000000000800f9b0        0x0
 .vfp11_veneer  0x000000000800f9b0        0x0 linker stubs

.v4_bx          0x000000000800f9b0        0x0
 .v4_bx         0x000000000800f9b0        0x0 linker stubs

.iplt           0x000000000800f9b0        0x0
 .iplt          0x000000000800f9b0        0x0 c:/st/stm32cubeide_1.5.1/stm32cubeide/plugins/com.st.stm32cube.ide.mcu.externaltools.gnu-tools-for-stm32.9-2020-q2-update.win32_2.0.0.202105311346/tools/bin/../lib/gcc/arm-none-eabi/9.3.1/thumb/v7e-m+fp/hard/crtbegin.o

.rodata         0x000000000800f9b0      0x1fc
                0x000000000800f9b0                . = ALIGN (0x4)
 *(.rodata)
 .rodata        0x000000000800f9b0       0x46 ./Src/usbd_desc.o
 *fill*         0x000000000800f9f6        0x2 
 .rodata        0x000000000800f9f8       0x3f ./Src/user_main.o
 *fill*         0x000000000800fa37        0x1 
 .rodata        0x000000000800fa38       0xcb ./Src/user_vl53l0x.o
 *(.rodata*)
 *fill*         0x000000000800fb03        0x1 
 .rodata.AHBPrescTable
                0x000000000800fb04       0x10 ./Src/system_stm32g4xx.o
                0x000000000800fb04                AHBPrescTable
 .rodata._global_impure_ptr
                0x000000000800fb14        0x4 c:/st/stm32cubeide_1.5.1/stm32cubeide/plugins/com.st.stm32cube.ide.mcu.externaltools.gnu-tools-for-stm32.9-2020-q2-update.win32_2.0.0.202105311346/tools/bin/../lib/gcc/arm-none-eabi/9.3.1/../../../../arm-none-eabi/lib/thumb/v7e-m+fp/hard\libc_nano.a(lib_a-impure.o)
                0x000000000800fb14                _global_impure_ptr
 .rodata.__sf_fake_stderr
                0x000000000800fb18       0x20 c:/st/stm32cubeide_1.5.1/stm32cubeide/plugins/com.st.stm32cube.ide.mcu.externaltools.gnu-tools-for-stm32.9-2020-q2-update.win32_2.0.0.202105311346/tools/bin/../lib/gcc/arm-none-eabi/9.3.1/../../../../arm-none-eabi/lib/thumb/v7e-m+fp/hard\libc_nano.a(lib_a-findfp.o)
                0x000000000800fb18                __sf_fake_stderr
 .rodata.__sf_fake_stdin
                0x000000000800fb38       0x20 c:/st/stm32cubeide_1.5.1/stm32cubeide/plugins/com.st.stm32cube.ide.mcu.externaltools.gnu-tools-for-stm32.9-2020-q2-update.win32_2.0.0.202105311346/tools/bin/../lib/gcc/arm-none-eabi/9.3.1/../../../../arm-none-eabi/lib/thumb/v7e-m+fp/hard\libc_nano.a(lib_a-findfp.o)
                0x000000000800fb38                __sf_fake_stdin
 .rodata.__sf_fake_stdout
                0x000000000800fb58       0x20 c:/st/stm32cubeide_1.5.1/stm32cubeide/plugins/com.st.stm32cube.ide.mcu.externaltools.gnu-tools-for-stm32.9-2020-q2-update.win32_2.0.0.202105311346/tools/bin/../lib/gcc/arm-none-eabi/9.3.1/../../../../arm-none-eabi/lib/thumb/v7e-m+fp/hard\libc_nano.a(lib_a-findfp.o)
                0x000000000800fb58                __sf_fake_stdout
 .rodata._vfprintf_r.str1.1
                0x000000000800fb78       0x11 c:/st/stm32cubeide_1.5.1/stm32cubeide/plugins/com.st.stm32cube.ide.mcu.externaltools.gnu-tools-for-stm32.9-2020-q2-update.win32_2.0.0.202105311346/tools/bin/../lib/gcc/arm-none-eabi/9.3.1/../../../../arm-none-eabi/lib/thumb/v7e-m+fp/hard\libc_nano.a(lib_a-nano-vfprintf.o)
 .rodata._printf_i.str1.1
                0x000000000800fb89       0x22 c:/st/stm32cubeide_1.5.1/stm32cubeide/plugins/com.st.stm32cube.ide.mcu.externaltools.gnu-tools-for-stm32.9-2020-q2-update.win32_2.0.0.202105311346/tools/bin/../lib/gcc/arm-none-eabi/9.3.1/../../../../arm-none-eabi/lib/thumb/v7e-m+fp/hard\libc_nano.a(lib_a-nano-vfprintf_i.o)
                0x000000000800fbac                . = ALIGN (0x4)
 *fill*         0x000000000800fbab        0x1 

.rel.dyn        0x000000000800fbac        0x0
 .rel.iplt      0x000000000800fbac        0x0 c:/st/stm32cubeide_1.5.1/stm32cubeide/plugins/com.st.stm32cube.ide.mcu.externaltools.gnu-tools-for-stm32.9-2020-q2-update.win32_2.0.0.202105311346/tools/bin/../lib/gcc/arm-none-eabi/9.3.1/thumb/v7e-m+fp/hard/crtbegin.o

.ARM.extab      0x000000000800fbac        0x0
                0x000000000800fbac                . = ALIGN (0x4)
 *(.ARM.extab* .gnu.linkonce.armextab.*)
                0x000000000800fbac                . = ALIGN (0x4)

.ARM            0x000000000800fbac        0x0
                0x000000000800fbac                . = ALIGN (0x4)
                0x000000000800fbac                __exidx_start = .
 *(.ARM.exidx*)
                0x000000000800fbac                __exidx_end = .
                0x000000000800fbac                . = ALIGN (0x4)

.preinit_array  0x000000000800fbac        0x0
                0x000000000800fbac                . = ALIGN (0x4)
                0x000000000800fbac                PROVIDE (__preinit_array_start = .)
 *(.preinit_array*)
                0x000000000800fbac                PROVIDE (__preinit_array_end = .)
                0x000000000800fbac                . = ALIGN (0x4)

.init_array     0x000000000800fbac        0x4
                0x000000000800fbac                . = ALIGN (0x4)
                0x000000000800fbac                PROVIDE (__init_array_start = .)
 *(SORT_BY_NAME(.init_array.*))
 *(.init_array*)
 .init_array    0x000000000800fbac        0x4 c:/st/stm32cubeide_1.5.1/stm32cubeide/plugins/com.st.stm32cube.ide.mcu.externaltools.gnu-tools-for-stm32.9-2020-q2-update.win32_2.0.0.202105311346/tools/bin/../lib/gcc/arm-none-eabi/9.3.1/thumb/v7e-m+fp/hard/crtbegin.o
                0x000000000800fbb0                PROVIDE (__init_array_end = .)
                0x000000000800fbb0                . = ALIGN (0x4)

.fini_array     0x000000000800fbb0        0x4
                0x000000000800fbb0                . = ALIGN (0x4)
                [!provide]                        PROVIDE (__fini_array_start = .)
 *(SORT_BY_NAME(.fini_array.*))
 *(.fini_array*)